#! /usr/bin/vvp
:ivl_version "12.0 (stable)";
:ivl_delay_selection "TYPICAL";
:vpi_time_precision - 12;
:vpi_module "/usr/lib/x86_64-linux-gnu/ivl/system.vpi";
:vpi_module "/usr/lib/x86_64-linux-gnu/ivl/vhdl_sys.vpi";
:vpi_module "/usr/lib/x86_64-linux-gnu/ivl/vhdl_textio.vpi";
:vpi_module "/usr/lib/x86_64-linux-gnu/ivl/v2005_math.vpi";
:vpi_module "/usr/lib/x86_64-linux-gnu/ivl/va_math.vpi";
:vpi_module "/usr/lib/x86_64-linux-gnu/ivl/v2009.vpi";
S_0x64e557d44760 .scope package, "$unit" "$unit" 2 1;
 .timescale 0 0;
S_0x64e557d448f0 .scope module, "cache_buffer" "cache_buffer" 3 1;
 .timescale 0 0;
    .port_info 0 /INPUT 1 "clk";
    .port_info 1 /INPUT 1 "rst_n";
    .port_info 2 /INPUT 8 "write_addr";
    .port_info 3 /INPUT 8 "write_data";
    .port_info 4 /INPUT 1 "write_en";
    .port_info 5 /INPUT 8 "read_addr";
    .port_info 6 /OUTPUT 8 "read_data";
o0x7fc251380018 .functor BUFZ 1, C4<z>; HiZ drive
v0x64e557d482a0_0 .net "clk", 0 0, o0x7fc251380018;  0 drivers
v0x64e557d48860_0 .var/i "i", 31 0;
v0x64e557d7c460 .array "mem", 255 0, 7 0;
o0x7fc251383078 .functor BUFZ 8, C4<zzzzzzzz>; HiZ drive
v0x64e557d7ed10_0 .net "read_addr", 7 0, o0x7fc251383078;  0 drivers
v0x64e557d7edf0_0 .var "read_data", 7 0;
o0x7fc2513830d8 .functor BUFZ 1, C4<z>; HiZ drive
v0x64e557d7ef20_0 .net "rst_n", 0 0, o0x7fc2513830d8;  0 drivers
o0x7fc251383108 .functor BUFZ 8, C4<zzzzzzzz>; HiZ drive
v0x64e557d7efe0_0 .net "write_addr", 7 0, o0x7fc251383108;  0 drivers
o0x7fc251383138 .functor BUFZ 8, C4<zzzzzzzz>; HiZ drive
v0x64e557d7f0c0_0 .net "write_data", 7 0, o0x7fc251383138;  0 drivers
o0x7fc251383168 .functor BUFZ 1, C4<z>; HiZ drive
v0x64e557d7f1a0_0 .net "write_en", 0 0, o0x7fc251383168;  0 drivers
v0x64e557d7c460_0 .array/port v0x64e557d7c460, 0;
v0x64e557d7c460_1 .array/port v0x64e557d7c460, 1;
v0x64e557d7c460_2 .array/port v0x64e557d7c460, 2;
E_0x64e557d38780/0 .event anyedge, v0x64e557d7ed10_0, v0x64e557d7c460_0, v0x64e557d7c460_1, v0x64e557d7c460_2;
v0x64e557d7c460_3 .array/port v0x64e557d7c460, 3;
v0x64e557d7c460_4 .array/port v0x64e557d7c460, 4;
v0x64e557d7c460_5 .array/port v0x64e557d7c460, 5;
v0x64e557d7c460_6 .array/port v0x64e557d7c460, 6;
E_0x64e557d38780/1 .event anyedge, v0x64e557d7c460_3, v0x64e557d7c460_4, v0x64e557d7c460_5, v0x64e557d7c460_6;
v0x64e557d7c460_7 .array/port v0x64e557d7c460, 7;
v0x64e557d7c460_8 .array/port v0x64e557d7c460, 8;
v0x64e557d7c460_9 .array/port v0x64e557d7c460, 9;
v0x64e557d7c460_10 .array/port v0x64e557d7c460, 10;
E_0x64e557d38780/2 .event anyedge, v0x64e557d7c460_7, v0x64e557d7c460_8, v0x64e557d7c460_9, v0x64e557d7c460_10;
v0x64e557d7c460_11 .array/port v0x64e557d7c460, 11;
v0x64e557d7c460_12 .array/port v0x64e557d7c460, 12;
v0x64e557d7c460_13 .array/port v0x64e557d7c460, 13;
v0x64e557d7c460_14 .array/port v0x64e557d7c460, 14;
E_0x64e557d38780/3 .event anyedge, v0x64e557d7c460_11, v0x64e557d7c460_12, v0x64e557d7c460_13, v0x64e557d7c460_14;
v0x64e557d7c460_15 .array/port v0x64e557d7c460, 15;
v0x64e557d7c460_16 .array/port v0x64e557d7c460, 16;
v0x64e557d7c460_17 .array/port v0x64e557d7c460, 17;
v0x64e557d7c460_18 .array/port v0x64e557d7c460, 18;
E_0x64e557d38780/4 .event anyedge, v0x64e557d7c460_15, v0x64e557d7c460_16, v0x64e557d7c460_17, v0x64e557d7c460_18;
v0x64e557d7c460_19 .array/port v0x64e557d7c460, 19;
v0x64e557d7c460_20 .array/port v0x64e557d7c460, 20;
v0x64e557d7c460_21 .array/port v0x64e557d7c460, 21;
v0x64e557d7c460_22 .array/port v0x64e557d7c460, 22;
E_0x64e557d38780/5 .event anyedge, v0x64e557d7c460_19, v0x64e557d7c460_20, v0x64e557d7c460_21, v0x64e557d7c460_22;
v0x64e557d7c460_23 .array/port v0x64e557d7c460, 23;
v0x64e557d7c460_24 .array/port v0x64e557d7c460, 24;
v0x64e557d7c460_25 .array/port v0x64e557d7c460, 25;
v0x64e557d7c460_26 .array/port v0x64e557d7c460, 26;
E_0x64e557d38780/6 .event anyedge, v0x64e557d7c460_23, v0x64e557d7c460_24, v0x64e557d7c460_25, v0x64e557d7c460_26;
v0x64e557d7c460_27 .array/port v0x64e557d7c460, 27;
v0x64e557d7c460_28 .array/port v0x64e557d7c460, 28;
v0x64e557d7c460_29 .array/port v0x64e557d7c460, 29;
v0x64e557d7c460_30 .array/port v0x64e557d7c460, 30;
E_0x64e557d38780/7 .event anyedge, v0x64e557d7c460_27, v0x64e557d7c460_28, v0x64e557d7c460_29, v0x64e557d7c460_30;
v0x64e557d7c460_31 .array/port v0x64e557d7c460, 31;
v0x64e557d7c460_32 .array/port v0x64e557d7c460, 32;
v0x64e557d7c460_33 .array/port v0x64e557d7c460, 33;
v0x64e557d7c460_34 .array/port v0x64e557d7c460, 34;
E_0x64e557d38780/8 .event anyedge, v0x64e557d7c460_31, v0x64e557d7c460_32, v0x64e557d7c460_33, v0x64e557d7c460_34;
v0x64e557d7c460_35 .array/port v0x64e557d7c460, 35;
v0x64e557d7c460_36 .array/port v0x64e557d7c460, 36;
v0x64e557d7c460_37 .array/port v0x64e557d7c460, 37;
v0x64e557d7c460_38 .array/port v0x64e557d7c460, 38;
E_0x64e557d38780/9 .event anyedge, v0x64e557d7c460_35, v0x64e557d7c460_36, v0x64e557d7c460_37, v0x64e557d7c460_38;
v0x64e557d7c460_39 .array/port v0x64e557d7c460, 39;
v0x64e557d7c460_40 .array/port v0x64e557d7c460, 40;
v0x64e557d7c460_41 .array/port v0x64e557d7c460, 41;
v0x64e557d7c460_42 .array/port v0x64e557d7c460, 42;
E_0x64e557d38780/10 .event anyedge, v0x64e557d7c460_39, v0x64e557d7c460_40, v0x64e557d7c460_41, v0x64e557d7c460_42;
v0x64e557d7c460_43 .array/port v0x64e557d7c460, 43;
v0x64e557d7c460_44 .array/port v0x64e557d7c460, 44;
v0x64e557d7c460_45 .array/port v0x64e557d7c460, 45;
v0x64e557d7c460_46 .array/port v0x64e557d7c460, 46;
E_0x64e557d38780/11 .event anyedge, v0x64e557d7c460_43, v0x64e557d7c460_44, v0x64e557d7c460_45, v0x64e557d7c460_46;
v0x64e557d7c460_47 .array/port v0x64e557d7c460, 47;
v0x64e557d7c460_48 .array/port v0x64e557d7c460, 48;
v0x64e557d7c460_49 .array/port v0x64e557d7c460, 49;
v0x64e557d7c460_50 .array/port v0x64e557d7c460, 50;
E_0x64e557d38780/12 .event anyedge, v0x64e557d7c460_47, v0x64e557d7c460_48, v0x64e557d7c460_49, v0x64e557d7c460_50;
v0x64e557d7c460_51 .array/port v0x64e557d7c460, 51;
v0x64e557d7c460_52 .array/port v0x64e557d7c460, 52;
v0x64e557d7c460_53 .array/port v0x64e557d7c460, 53;
v0x64e557d7c460_54 .array/port v0x64e557d7c460, 54;
E_0x64e557d38780/13 .event anyedge, v0x64e557d7c460_51, v0x64e557d7c460_52, v0x64e557d7c460_53, v0x64e557d7c460_54;
v0x64e557d7c460_55 .array/port v0x64e557d7c460, 55;
v0x64e557d7c460_56 .array/port v0x64e557d7c460, 56;
v0x64e557d7c460_57 .array/port v0x64e557d7c460, 57;
v0x64e557d7c460_58 .array/port v0x64e557d7c460, 58;
E_0x64e557d38780/14 .event anyedge, v0x64e557d7c460_55, v0x64e557d7c460_56, v0x64e557d7c460_57, v0x64e557d7c460_58;
v0x64e557d7c460_59 .array/port v0x64e557d7c460, 59;
v0x64e557d7c460_60 .array/port v0x64e557d7c460, 60;
v0x64e557d7c460_61 .array/port v0x64e557d7c460, 61;
v0x64e557d7c460_62 .array/port v0x64e557d7c460, 62;
E_0x64e557d38780/15 .event anyedge, v0x64e557d7c460_59, v0x64e557d7c460_60, v0x64e557d7c460_61, v0x64e557d7c460_62;
v0x64e557d7c460_63 .array/port v0x64e557d7c460, 63;
v0x64e557d7c460_64 .array/port v0x64e557d7c460, 64;
v0x64e557d7c460_65 .array/port v0x64e557d7c460, 65;
v0x64e557d7c460_66 .array/port v0x64e557d7c460, 66;
E_0x64e557d38780/16 .event anyedge, v0x64e557d7c460_63, v0x64e557d7c460_64, v0x64e557d7c460_65, v0x64e557d7c460_66;
v0x64e557d7c460_67 .array/port v0x64e557d7c460, 67;
v0x64e557d7c460_68 .array/port v0x64e557d7c460, 68;
v0x64e557d7c460_69 .array/port v0x64e557d7c460, 69;
v0x64e557d7c460_70 .array/port v0x64e557d7c460, 70;
E_0x64e557d38780/17 .event anyedge, v0x64e557d7c460_67, v0x64e557d7c460_68, v0x64e557d7c460_69, v0x64e557d7c460_70;
v0x64e557d7c460_71 .array/port v0x64e557d7c460, 71;
v0x64e557d7c460_72 .array/port v0x64e557d7c460, 72;
v0x64e557d7c460_73 .array/port v0x64e557d7c460, 73;
v0x64e557d7c460_74 .array/port v0x64e557d7c460, 74;
E_0x64e557d38780/18 .event anyedge, v0x64e557d7c460_71, v0x64e557d7c460_72, v0x64e557d7c460_73, v0x64e557d7c460_74;
v0x64e557d7c460_75 .array/port v0x64e557d7c460, 75;
v0x64e557d7c460_76 .array/port v0x64e557d7c460, 76;
v0x64e557d7c460_77 .array/port v0x64e557d7c460, 77;
v0x64e557d7c460_78 .array/port v0x64e557d7c460, 78;
E_0x64e557d38780/19 .event anyedge, v0x64e557d7c460_75, v0x64e557d7c460_76, v0x64e557d7c460_77, v0x64e557d7c460_78;
v0x64e557d7c460_79 .array/port v0x64e557d7c460, 79;
v0x64e557d7c460_80 .array/port v0x64e557d7c460, 80;
v0x64e557d7c460_81 .array/port v0x64e557d7c460, 81;
v0x64e557d7c460_82 .array/port v0x64e557d7c460, 82;
E_0x64e557d38780/20 .event anyedge, v0x64e557d7c460_79, v0x64e557d7c460_80, v0x64e557d7c460_81, v0x64e557d7c460_82;
v0x64e557d7c460_83 .array/port v0x64e557d7c460, 83;
v0x64e557d7c460_84 .array/port v0x64e557d7c460, 84;
v0x64e557d7c460_85 .array/port v0x64e557d7c460, 85;
v0x64e557d7c460_86 .array/port v0x64e557d7c460, 86;
E_0x64e557d38780/21 .event anyedge, v0x64e557d7c460_83, v0x64e557d7c460_84, v0x64e557d7c460_85, v0x64e557d7c460_86;
v0x64e557d7c460_87 .array/port v0x64e557d7c460, 87;
v0x64e557d7c460_88 .array/port v0x64e557d7c460, 88;
v0x64e557d7c460_89 .array/port v0x64e557d7c460, 89;
v0x64e557d7c460_90 .array/port v0x64e557d7c460, 90;
E_0x64e557d38780/22 .event anyedge, v0x64e557d7c460_87, v0x64e557d7c460_88, v0x64e557d7c460_89, v0x64e557d7c460_90;
v0x64e557d7c460_91 .array/port v0x64e557d7c460, 91;
v0x64e557d7c460_92 .array/port v0x64e557d7c460, 92;
v0x64e557d7c460_93 .array/port v0x64e557d7c460, 93;
v0x64e557d7c460_94 .array/port v0x64e557d7c460, 94;
E_0x64e557d38780/23 .event anyedge, v0x64e557d7c460_91, v0x64e557d7c460_92, v0x64e557d7c460_93, v0x64e557d7c460_94;
v0x64e557d7c460_95 .array/port v0x64e557d7c460, 95;
v0x64e557d7c460_96 .array/port v0x64e557d7c460, 96;
v0x64e557d7c460_97 .array/port v0x64e557d7c460, 97;
v0x64e557d7c460_98 .array/port v0x64e557d7c460, 98;
E_0x64e557d38780/24 .event anyedge, v0x64e557d7c460_95, v0x64e557d7c460_96, v0x64e557d7c460_97, v0x64e557d7c460_98;
v0x64e557d7c460_99 .array/port v0x64e557d7c460, 99;
v0x64e557d7c460_100 .array/port v0x64e557d7c460, 100;
v0x64e557d7c460_101 .array/port v0x64e557d7c460, 101;
v0x64e557d7c460_102 .array/port v0x64e557d7c460, 102;
E_0x64e557d38780/25 .event anyedge, v0x64e557d7c460_99, v0x64e557d7c460_100, v0x64e557d7c460_101, v0x64e557d7c460_102;
v0x64e557d7c460_103 .array/port v0x64e557d7c460, 103;
v0x64e557d7c460_104 .array/port v0x64e557d7c460, 104;
v0x64e557d7c460_105 .array/port v0x64e557d7c460, 105;
v0x64e557d7c460_106 .array/port v0x64e557d7c460, 106;
E_0x64e557d38780/26 .event anyedge, v0x64e557d7c460_103, v0x64e557d7c460_104, v0x64e557d7c460_105, v0x64e557d7c460_106;
v0x64e557d7c460_107 .array/port v0x64e557d7c460, 107;
v0x64e557d7c460_108 .array/port v0x64e557d7c460, 108;
v0x64e557d7c460_109 .array/port v0x64e557d7c460, 109;
v0x64e557d7c460_110 .array/port v0x64e557d7c460, 110;
E_0x64e557d38780/27 .event anyedge, v0x64e557d7c460_107, v0x64e557d7c460_108, v0x64e557d7c460_109, v0x64e557d7c460_110;
v0x64e557d7c460_111 .array/port v0x64e557d7c460, 111;
v0x64e557d7c460_112 .array/port v0x64e557d7c460, 112;
v0x64e557d7c460_113 .array/port v0x64e557d7c460, 113;
v0x64e557d7c460_114 .array/port v0x64e557d7c460, 114;
E_0x64e557d38780/28 .event anyedge, v0x64e557d7c460_111, v0x64e557d7c460_112, v0x64e557d7c460_113, v0x64e557d7c460_114;
v0x64e557d7c460_115 .array/port v0x64e557d7c460, 115;
v0x64e557d7c460_116 .array/port v0x64e557d7c460, 116;
v0x64e557d7c460_117 .array/port v0x64e557d7c460, 117;
v0x64e557d7c460_118 .array/port v0x64e557d7c460, 118;
E_0x64e557d38780/29 .event anyedge, v0x64e557d7c460_115, v0x64e557d7c460_116, v0x64e557d7c460_117, v0x64e557d7c460_118;
v0x64e557d7c460_119 .array/port v0x64e557d7c460, 119;
v0x64e557d7c460_120 .array/port v0x64e557d7c460, 120;
v0x64e557d7c460_121 .array/port v0x64e557d7c460, 121;
v0x64e557d7c460_122 .array/port v0x64e557d7c460, 122;
E_0x64e557d38780/30 .event anyedge, v0x64e557d7c460_119, v0x64e557d7c460_120, v0x64e557d7c460_121, v0x64e557d7c460_122;
v0x64e557d7c460_123 .array/port v0x64e557d7c460, 123;
v0x64e557d7c460_124 .array/port v0x64e557d7c460, 124;
v0x64e557d7c460_125 .array/port v0x64e557d7c460, 125;
v0x64e557d7c460_126 .array/port v0x64e557d7c460, 126;
E_0x64e557d38780/31 .event anyedge, v0x64e557d7c460_123, v0x64e557d7c460_124, v0x64e557d7c460_125, v0x64e557d7c460_126;
v0x64e557d7c460_127 .array/port v0x64e557d7c460, 127;
v0x64e557d7c460_128 .array/port v0x64e557d7c460, 128;
v0x64e557d7c460_129 .array/port v0x64e557d7c460, 129;
v0x64e557d7c460_130 .array/port v0x64e557d7c460, 130;
E_0x64e557d38780/32 .event anyedge, v0x64e557d7c460_127, v0x64e557d7c460_128, v0x64e557d7c460_129, v0x64e557d7c460_130;
v0x64e557d7c460_131 .array/port v0x64e557d7c460, 131;
v0x64e557d7c460_132 .array/port v0x64e557d7c460, 132;
v0x64e557d7c460_133 .array/port v0x64e557d7c460, 133;
v0x64e557d7c460_134 .array/port v0x64e557d7c460, 134;
E_0x64e557d38780/33 .event anyedge, v0x64e557d7c460_131, v0x64e557d7c460_132, v0x64e557d7c460_133, v0x64e557d7c460_134;
v0x64e557d7c460_135 .array/port v0x64e557d7c460, 135;
v0x64e557d7c460_136 .array/port v0x64e557d7c460, 136;
v0x64e557d7c460_137 .array/port v0x64e557d7c460, 137;
v0x64e557d7c460_138 .array/port v0x64e557d7c460, 138;
E_0x64e557d38780/34 .event anyedge, v0x64e557d7c460_135, v0x64e557d7c460_136, v0x64e557d7c460_137, v0x64e557d7c460_138;
v0x64e557d7c460_139 .array/port v0x64e557d7c460, 139;
v0x64e557d7c460_140 .array/port v0x64e557d7c460, 140;
v0x64e557d7c460_141 .array/port v0x64e557d7c460, 141;
v0x64e557d7c460_142 .array/port v0x64e557d7c460, 142;
E_0x64e557d38780/35 .event anyedge, v0x64e557d7c460_139, v0x64e557d7c460_140, v0x64e557d7c460_141, v0x64e557d7c460_142;
v0x64e557d7c460_143 .array/port v0x64e557d7c460, 143;
v0x64e557d7c460_144 .array/port v0x64e557d7c460, 144;
v0x64e557d7c460_145 .array/port v0x64e557d7c460, 145;
v0x64e557d7c460_146 .array/port v0x64e557d7c460, 146;
E_0x64e557d38780/36 .event anyedge, v0x64e557d7c460_143, v0x64e557d7c460_144, v0x64e557d7c460_145, v0x64e557d7c460_146;
v0x64e557d7c460_147 .array/port v0x64e557d7c460, 147;
v0x64e557d7c460_148 .array/port v0x64e557d7c460, 148;
v0x64e557d7c460_149 .array/port v0x64e557d7c460, 149;
v0x64e557d7c460_150 .array/port v0x64e557d7c460, 150;
E_0x64e557d38780/37 .event anyedge, v0x64e557d7c460_147, v0x64e557d7c460_148, v0x64e557d7c460_149, v0x64e557d7c460_150;
v0x64e557d7c460_151 .array/port v0x64e557d7c460, 151;
v0x64e557d7c460_152 .array/port v0x64e557d7c460, 152;
v0x64e557d7c460_153 .array/port v0x64e557d7c460, 153;
v0x64e557d7c460_154 .array/port v0x64e557d7c460, 154;
E_0x64e557d38780/38 .event anyedge, v0x64e557d7c460_151, v0x64e557d7c460_152, v0x64e557d7c460_153, v0x64e557d7c460_154;
v0x64e557d7c460_155 .array/port v0x64e557d7c460, 155;
v0x64e557d7c460_156 .array/port v0x64e557d7c460, 156;
v0x64e557d7c460_157 .array/port v0x64e557d7c460, 157;
v0x64e557d7c460_158 .array/port v0x64e557d7c460, 158;
E_0x64e557d38780/39 .event anyedge, v0x64e557d7c460_155, v0x64e557d7c460_156, v0x64e557d7c460_157, v0x64e557d7c460_158;
v0x64e557d7c460_159 .array/port v0x64e557d7c460, 159;
v0x64e557d7c460_160 .array/port v0x64e557d7c460, 160;
v0x64e557d7c460_161 .array/port v0x64e557d7c460, 161;
v0x64e557d7c460_162 .array/port v0x64e557d7c460, 162;
E_0x64e557d38780/40 .event anyedge, v0x64e557d7c460_159, v0x64e557d7c460_160, v0x64e557d7c460_161, v0x64e557d7c460_162;
v0x64e557d7c460_163 .array/port v0x64e557d7c460, 163;
v0x64e557d7c460_164 .array/port v0x64e557d7c460, 164;
v0x64e557d7c460_165 .array/port v0x64e557d7c460, 165;
v0x64e557d7c460_166 .array/port v0x64e557d7c460, 166;
E_0x64e557d38780/41 .event anyedge, v0x64e557d7c460_163, v0x64e557d7c460_164, v0x64e557d7c460_165, v0x64e557d7c460_166;
v0x64e557d7c460_167 .array/port v0x64e557d7c460, 167;
v0x64e557d7c460_168 .array/port v0x64e557d7c460, 168;
v0x64e557d7c460_169 .array/port v0x64e557d7c460, 169;
v0x64e557d7c460_170 .array/port v0x64e557d7c460, 170;
E_0x64e557d38780/42 .event anyedge, v0x64e557d7c460_167, v0x64e557d7c460_168, v0x64e557d7c460_169, v0x64e557d7c460_170;
v0x64e557d7c460_171 .array/port v0x64e557d7c460, 171;
v0x64e557d7c460_172 .array/port v0x64e557d7c460, 172;
v0x64e557d7c460_173 .array/port v0x64e557d7c460, 173;
v0x64e557d7c460_174 .array/port v0x64e557d7c460, 174;
E_0x64e557d38780/43 .event anyedge, v0x64e557d7c460_171, v0x64e557d7c460_172, v0x64e557d7c460_173, v0x64e557d7c460_174;
v0x64e557d7c460_175 .array/port v0x64e557d7c460, 175;
v0x64e557d7c460_176 .array/port v0x64e557d7c460, 176;
v0x64e557d7c460_177 .array/port v0x64e557d7c460, 177;
v0x64e557d7c460_178 .array/port v0x64e557d7c460, 178;
E_0x64e557d38780/44 .event anyedge, v0x64e557d7c460_175, v0x64e557d7c460_176, v0x64e557d7c460_177, v0x64e557d7c460_178;
v0x64e557d7c460_179 .array/port v0x64e557d7c460, 179;
v0x64e557d7c460_180 .array/port v0x64e557d7c460, 180;
v0x64e557d7c460_181 .array/port v0x64e557d7c460, 181;
v0x64e557d7c460_182 .array/port v0x64e557d7c460, 182;
E_0x64e557d38780/45 .event anyedge, v0x64e557d7c460_179, v0x64e557d7c460_180, v0x64e557d7c460_181, v0x64e557d7c460_182;
v0x64e557d7c460_183 .array/port v0x64e557d7c460, 183;
v0x64e557d7c460_184 .array/port v0x64e557d7c460, 184;
v0x64e557d7c460_185 .array/port v0x64e557d7c460, 185;
v0x64e557d7c460_186 .array/port v0x64e557d7c460, 186;
E_0x64e557d38780/46 .event anyedge, v0x64e557d7c460_183, v0x64e557d7c460_184, v0x64e557d7c460_185, v0x64e557d7c460_186;
v0x64e557d7c460_187 .array/port v0x64e557d7c460, 187;
v0x64e557d7c460_188 .array/port v0x64e557d7c460, 188;
v0x64e557d7c460_189 .array/port v0x64e557d7c460, 189;
v0x64e557d7c460_190 .array/port v0x64e557d7c460, 190;
E_0x64e557d38780/47 .event anyedge, v0x64e557d7c460_187, v0x64e557d7c460_188, v0x64e557d7c460_189, v0x64e557d7c460_190;
v0x64e557d7c460_191 .array/port v0x64e557d7c460, 191;
v0x64e557d7c460_192 .array/port v0x64e557d7c460, 192;
v0x64e557d7c460_193 .array/port v0x64e557d7c460, 193;
v0x64e557d7c460_194 .array/port v0x64e557d7c460, 194;
E_0x64e557d38780/48 .event anyedge, v0x64e557d7c460_191, v0x64e557d7c460_192, v0x64e557d7c460_193, v0x64e557d7c460_194;
v0x64e557d7c460_195 .array/port v0x64e557d7c460, 195;
v0x64e557d7c460_196 .array/port v0x64e557d7c460, 196;
v0x64e557d7c460_197 .array/port v0x64e557d7c460, 197;
v0x64e557d7c460_198 .array/port v0x64e557d7c460, 198;
E_0x64e557d38780/49 .event anyedge, v0x64e557d7c460_195, v0x64e557d7c460_196, v0x64e557d7c460_197, v0x64e557d7c460_198;
v0x64e557d7c460_199 .array/port v0x64e557d7c460, 199;
v0x64e557d7c460_200 .array/port v0x64e557d7c460, 200;
v0x64e557d7c460_201 .array/port v0x64e557d7c460, 201;
v0x64e557d7c460_202 .array/port v0x64e557d7c460, 202;
E_0x64e557d38780/50 .event anyedge, v0x64e557d7c460_199, v0x64e557d7c460_200, v0x64e557d7c460_201, v0x64e557d7c460_202;
v0x64e557d7c460_203 .array/port v0x64e557d7c460, 203;
v0x64e557d7c460_204 .array/port v0x64e557d7c460, 204;
v0x64e557d7c460_205 .array/port v0x64e557d7c460, 205;
v0x64e557d7c460_206 .array/port v0x64e557d7c460, 206;
E_0x64e557d38780/51 .event anyedge, v0x64e557d7c460_203, v0x64e557d7c460_204, v0x64e557d7c460_205, v0x64e557d7c460_206;
v0x64e557d7c460_207 .array/port v0x64e557d7c460, 207;
v0x64e557d7c460_208 .array/port v0x64e557d7c460, 208;
v0x64e557d7c460_209 .array/port v0x64e557d7c460, 209;
v0x64e557d7c460_210 .array/port v0x64e557d7c460, 210;
E_0x64e557d38780/52 .event anyedge, v0x64e557d7c460_207, v0x64e557d7c460_208, v0x64e557d7c460_209, v0x64e557d7c460_210;
v0x64e557d7c460_211 .array/port v0x64e557d7c460, 211;
v0x64e557d7c460_212 .array/port v0x64e557d7c460, 212;
v0x64e557d7c460_213 .array/port v0x64e557d7c460, 213;
v0x64e557d7c460_214 .array/port v0x64e557d7c460, 214;
E_0x64e557d38780/53 .event anyedge, v0x64e557d7c460_211, v0x64e557d7c460_212, v0x64e557d7c460_213, v0x64e557d7c460_214;
v0x64e557d7c460_215 .array/port v0x64e557d7c460, 215;
v0x64e557d7c460_216 .array/port v0x64e557d7c460, 216;
v0x64e557d7c460_217 .array/port v0x64e557d7c460, 217;
v0x64e557d7c460_218 .array/port v0x64e557d7c460, 218;
E_0x64e557d38780/54 .event anyedge, v0x64e557d7c460_215, v0x64e557d7c460_216, v0x64e557d7c460_217, v0x64e557d7c460_218;
v0x64e557d7c460_219 .array/port v0x64e557d7c460, 219;
v0x64e557d7c460_220 .array/port v0x64e557d7c460, 220;
v0x64e557d7c460_221 .array/port v0x64e557d7c460, 221;
v0x64e557d7c460_222 .array/port v0x64e557d7c460, 222;
E_0x64e557d38780/55 .event anyedge, v0x64e557d7c460_219, v0x64e557d7c460_220, v0x64e557d7c460_221, v0x64e557d7c460_222;
v0x64e557d7c460_223 .array/port v0x64e557d7c460, 223;
v0x64e557d7c460_224 .array/port v0x64e557d7c460, 224;
v0x64e557d7c460_225 .array/port v0x64e557d7c460, 225;
v0x64e557d7c460_226 .array/port v0x64e557d7c460, 226;
E_0x64e557d38780/56 .event anyedge, v0x64e557d7c460_223, v0x64e557d7c460_224, v0x64e557d7c460_225, v0x64e557d7c460_226;
v0x64e557d7c460_227 .array/port v0x64e557d7c460, 227;
v0x64e557d7c460_228 .array/port v0x64e557d7c460, 228;
v0x64e557d7c460_229 .array/port v0x64e557d7c460, 229;
v0x64e557d7c460_230 .array/port v0x64e557d7c460, 230;
E_0x64e557d38780/57 .event anyedge, v0x64e557d7c460_227, v0x64e557d7c460_228, v0x64e557d7c460_229, v0x64e557d7c460_230;
v0x64e557d7c460_231 .array/port v0x64e557d7c460, 231;
v0x64e557d7c460_232 .array/port v0x64e557d7c460, 232;
v0x64e557d7c460_233 .array/port v0x64e557d7c460, 233;
v0x64e557d7c460_234 .array/port v0x64e557d7c460, 234;
E_0x64e557d38780/58 .event anyedge, v0x64e557d7c460_231, v0x64e557d7c460_232, v0x64e557d7c460_233, v0x64e557d7c460_234;
v0x64e557d7c460_235 .array/port v0x64e557d7c460, 235;
v0x64e557d7c460_236 .array/port v0x64e557d7c460, 236;
v0x64e557d7c460_237 .array/port v0x64e557d7c460, 237;
v0x64e557d7c460_238 .array/port v0x64e557d7c460, 238;
E_0x64e557d38780/59 .event anyedge, v0x64e557d7c460_235, v0x64e557d7c460_236, v0x64e557d7c460_237, v0x64e557d7c460_238;
v0x64e557d7c460_239 .array/port v0x64e557d7c460, 239;
v0x64e557d7c460_240 .array/port v0x64e557d7c460, 240;
v0x64e557d7c460_241 .array/port v0x64e557d7c460, 241;
v0x64e557d7c460_242 .array/port v0x64e557d7c460, 242;
E_0x64e557d38780/60 .event anyedge, v0x64e557d7c460_239, v0x64e557d7c460_240, v0x64e557d7c460_241, v0x64e557d7c460_242;
v0x64e557d7c460_243 .array/port v0x64e557d7c460, 243;
v0x64e557d7c460_244 .array/port v0x64e557d7c460, 244;
v0x64e557d7c460_245 .array/port v0x64e557d7c460, 245;
v0x64e557d7c460_246 .array/port v0x64e557d7c460, 246;
E_0x64e557d38780/61 .event anyedge, v0x64e557d7c460_243, v0x64e557d7c460_244, v0x64e557d7c460_245, v0x64e557d7c460_246;
v0x64e557d7c460_247 .array/port v0x64e557d7c460, 247;
v0x64e557d7c460_248 .array/port v0x64e557d7c460, 248;
v0x64e557d7c460_249 .array/port v0x64e557d7c460, 249;
v0x64e557d7c460_250 .array/port v0x64e557d7c460, 250;
E_0x64e557d38780/62 .event anyedge, v0x64e557d7c460_247, v0x64e557d7c460_248, v0x64e557d7c460_249, v0x64e557d7c460_250;
v0x64e557d7c460_251 .array/port v0x64e557d7c460, 251;
v0x64e557d7c460_252 .array/port v0x64e557d7c460, 252;
v0x64e557d7c460_253 .array/port v0x64e557d7c460, 253;
v0x64e557d7c460_254 .array/port v0x64e557d7c460, 254;
E_0x64e557d38780/63 .event anyedge, v0x64e557d7c460_251, v0x64e557d7c460_252, v0x64e557d7c460_253, v0x64e557d7c460_254;
v0x64e557d7c460_255 .array/port v0x64e557d7c460, 255;
E_0x64e557d38780/64 .event anyedge, v0x64e557d7c460_255;
E_0x64e557d38780 .event/or E_0x64e557d38780/0, E_0x64e557d38780/1, E_0x64e557d38780/2, E_0x64e557d38780/3, E_0x64e557d38780/4, E_0x64e557d38780/5, E_0x64e557d38780/6, E_0x64e557d38780/7, E_0x64e557d38780/8, E_0x64e557d38780/9, E_0x64e557d38780/10, E_0x64e557d38780/11, E_0x64e557d38780/12, E_0x64e557d38780/13, E_0x64e557d38780/14, E_0x64e557d38780/15, E_0x64e557d38780/16, E_0x64e557d38780/17, E_0x64e557d38780/18, E_0x64e557d38780/19, E_0x64e557d38780/20, E_0x64e557d38780/21, E_0x64e557d38780/22, E_0x64e557d38780/23, E_0x64e557d38780/24, E_0x64e557d38780/25, E_0x64e557d38780/26, E_0x64e557d38780/27, E_0x64e557d38780/28, E_0x64e557d38780/29, E_0x64e557d38780/30, E_0x64e557d38780/31, E_0x64e557d38780/32, E_0x64e557d38780/33, E_0x64e557d38780/34, E_0x64e557d38780/35, E_0x64e557d38780/36, E_0x64e557d38780/37, E_0x64e557d38780/38, E_0x64e557d38780/39, E_0x64e557d38780/40, E_0x64e557d38780/41, E_0x64e557d38780/42, E_0x64e557d38780/43, E_0x64e557d38780/44, E_0x64e557d38780/45, E_0x64e557d38780/46, E_0x64e557d38780/47, E_0x64e557d38780/48, E_0x64e557d38780/49, E_0x64e557d38780/50, E_0x64e557d38780/51, E_0x64e557d38780/52, E_0x64e557d38780/53, E_0x64e557d38780/54, E_0x64e557d38780/55, E_0x64e557d38780/56, E_0x64e557d38780/57, E_0x64e557d38780/58, E_0x64e557d38780/59, E_0x64e557d38780/60, E_0x64e557d38780/61, E_0x64e557d38780/62, E_0x64e557d38780/63, E_0x64e557d38780/64;
E_0x64e557d38740/0 .event negedge, v0x64e557d7ef20_0;
E_0x64e557d38740/1 .event posedge, v0x64e557d482a0_0;
E_0x64e557d38740 .event/or E_0x64e557d38740/0, E_0x64e557d38740/1;
S_0x64e557d14490 .scope module, "dma_ctrl" "dma_ctrl" 4 1;
 .timescale 0 0;
    .port_info 0 /INPUT 1 "clk";
    .port_info 1 /INPUT 1 "rst_n";
    .port_info 2 /INPUT 1 "start";
    .port_info 3 /INPUT 8 "len";
    .port_info 4 /OUTPUT 8 "addr";
    .port_info 5 /OUTPUT 1 "ready";
    .port_info 6 /OUTPUT 1 "done";
v0x64e557d7f380_0 .var "addr", 7 0;
o0x7fc251383318 .functor BUFZ 1, C4<z>; HiZ drive
v0x64e557d7f480_0 .net "clk", 0 0, o0x7fc251383318;  0 drivers
v0x64e557d7f540_0 .var "count", 7 0;
v0x64e557d7f600_0 .var "done", 0 0;
o0x7fc2513833a8 .functor BUFZ 8, C4<zzzzzzzz>; HiZ drive
v0x64e557d7f6c0_0 .net "len", 7 0, o0x7fc2513833a8;  0 drivers
v0x64e557d7f7a0_0 .var "ready", 0 0;
o0x7fc251383408 .functor BUFZ 1, C4<z>; HiZ drive
v0x64e557d7f860_0 .net "rst_n", 0 0, o0x7fc251383408;  0 drivers
o0x7fc251383438 .functor BUFZ 1, C4<z>; HiZ drive
v0x64e557d7f920_0 .net "start", 0 0, o0x7fc251383438;  0 drivers
E_0x64e557d52a40/0 .event negedge, v0x64e557d7f860_0;
E_0x64e557d52a40/1 .event posedge, v0x64e557d7f480_0;
E_0x64e557d52a40 .event/or E_0x64e557d52a40/0, E_0x64e557d52a40/1;
S_0x64e557d146d0 .scope module, "tb_mac_unit" "tb_mac_unit" 5 3;
 .timescale -9 -12;
v0x64e557d80580_0 .var "a", 7 0;
v0x64e557d80660_0 .net "acc", 15 0, v0x64e557d7ff70_0;  1 drivers
v0x64e557d80700_0 .var "accum_en", 0 0;
v0x64e557d807a0_0 .var "b", 7 0;
v0x64e557d80870_0 .var "clear_acc", 0 0;
v0x64e557d80960_0 .var "clk", 0 0;
v0x64e557d80a30_0 .var "rst_n", 0 0;
E_0x64e557d53380 .event posedge, v0x64e557d802e0_0;
S_0x64e557d7fb00 .scope module, "dut" "mac_unit" 5 13, 6 1 0, S_0x64e557d146d0;
 .timescale 0 0;
    .port_info 0 /INPUT 1 "clk";
    .port_info 1 /INPUT 1 "rst_n";
    .port_info 2 /INPUT 8 "a";
    .port_info 3 /INPUT 8 "b";
    .port_info 4 /INPUT 1 "accum_en";
    .port_info 5 /INPUT 1 "clear_acc";
    .port_info 6 /OUTPUT 16 "acc";
v0x64e557d7fe70_0 .net "a", 7 0, v0x64e557d80580_0;  1 drivers
v0x64e557d7ff70_0 .var "acc", 15 0;
v0x64e557d80050_0 .net "accum_en", 0 0, v0x64e557d80700_0;  1 drivers
v0x64e557d800f0_0 .net "b", 7 0, v0x64e557d807a0_0;  1 drivers
v0x64e557d801d0_0 .net "clear_acc", 0 0, v0x64e557d80870_0;  1 drivers
v0x64e557d802e0_0 .net "clk", 0 0, v0x64e557d80960_0;  1 drivers
v0x64e557d803a0_0 .net "rst_n", 0 0, v0x64e557d80a30_0;  1 drivers
E_0x64e557d7fdf0/0 .event negedge, v0x64e557d803a0_0;
E_0x64e557d7fdf0/1 .event posedge, v0x64e557d802e0_0;
E_0x64e557d7fdf0 .event/or E_0x64e557d7fdf0/0, E_0x64e557d7fdf0/1;
    .scope S_0x64e557d448f0;
T_0 ;
    %wait E_0x64e557d38740;
    %load/vec4 v0x64e557d7ef20_0;
    %nor/r;
    %flag_set/vec4 8;
    %jmp/0xz  T_0.0, 8;
    %pushi/vec4 0, 0, 32;
    %store/vec4 v0x64e557d48860_0, 0, 32;
T_0.2 ;
    %load/vec4 v0x64e557d48860_0;
    %cmpi/s 256, 0, 32;
    %jmp/0xz T_0.3, 5;
    %pushi/vec4 0, 0, 8;
    %ix/getv/s 3, v0x64e557d48860_0;
    %ix/load 4, 0, 0; Constant delay
    %assign/vec4/a/d v0x64e557d7c460, 0, 4;
    %load/vec4 v0x64e557d48860_0;
    %addi 1, 0, 32;
    %store/vec4 v0x64e557d48860_0, 0, 32;
    %jmp T_0.2;
T_0.3 ;
    %jmp T_0.1;
T_0.0 ;
    %load/vec4 v0x64e557d7f1a0_0;
    %flag_set/vec4 8;
    %jmp/0xz  T_0.4, 8;
    %load/vec4 v0x64e557d7f0c0_0;
    %load/vec4 v0x64e557d7efe0_0;
    %pad/u 10;
    %ix/vec4 3;
    %ix/load 4, 0, 0; Constant delay
    %assign/vec4/a/d v0x64e557d7c460, 0, 4;
T_0.4 ;
T_0.1 ;
    %jmp T_0;
    .thread T_0;
    .scope S_0x64e557d448f0;
T_1 ;
    %wait E_0x64e557d38780;
    %load/vec4 v0x64e557d7ed10_0;
    %pad/u 10;
    %ix/vec4 4;
    %load/vec4a v0x64e557d7c460, 4;
    %store/vec4 v0x64e557d7edf0_0, 0, 8;
    %jmp T_1;
    .thread T_1, $push;
    .scope S_0x64e557d14490;
T_2 ;
    %wait E_0x64e557d52a40;
    %load/vec4 v0x64e557d7f860_0;
    %nor/r;
    %flag_set/vec4 8;
    %jmp/0xz  T_2.0, 8;
    %pushi/vec4 0, 0, 8;
    %assign/vec4 v0x64e557d7f380_0, 0;
    %pushi/vec4 0, 0, 8;
    %assign/vec4 v0x64e557d7f540_0, 0;
    %pushi/vec4 1, 0, 1;
    %assign/vec4 v0x64e557d7f7a0_0, 0;
    %pushi/vec4 0, 0, 1;
    %assign/vec4 v0x64e557d7f600_0, 0;
    %jmp T_2.1;
T_2.0 ;
    %load/vec4 v0x64e557d7f920_0;
    %flag_set/vec4 9;
    %flag_get/vec4 9;
    %jmp/0 T_2.4, 9;
    %load/vec4 v0x64e557d7f7a0_0;
    %and;
T_2.4;
    %flag_set/vec4 8;
    %jmp/0xz  T_2.2, 8;
    %pushi/vec4 0, 0, 8;
    %assign/vec4 v0x64e557d7f380_0, 0;
    %pushi/vec4 0, 0, 8;
    %assign/vec4 v0x64e557d7f540_0, 0;
    %pushi/vec4 0, 0, 1;
    %assign/vec4 v0x64e557d7f7a0_0, 0;
    %pushi/vec4 0, 0, 1;
    %assign/vec4 v0x64e557d7f600_0, 0;
    %jmp T_2.3;
T_2.2 ;
    %load/vec4 v0x64e557d7f7a0_0;
    %nor/r;
    %flag_set/vec4 8;
    %jmp/0xz  T_2.5, 8;
    %load/vec4 v0x64e557d7f540_0;
    %load/vec4 v0x64e557d7f6c0_0;
    %cmp/u;
    %jmp/0xz  T_2.7, 5;
    %load/vec4 v0x64e557d7f540_0;
    %assign/vec4 v0x64e557d7f380_0, 0;
    %load/vec4 v0x64e557d7f540_0;
    %addi 1, 0, 8;
    %assign/vec4 v0x64e557d7f540_0, 0;
    %jmp T_2.8;
T_2.7 ;
    %pushi/vec4 1, 0, 1;
    %assign/vec4 v0x64e557d7f7a0_0, 0;
    %pushi/vec4 1, 0, 1;
    %assign/vec4 v0x64e557d7f600_0, 0;
T_2.8 ;
T_2.5 ;
T_2.3 ;
T_2.1 ;
    %jmp T_2;
    .thread T_2;
    .scope S_0x64e557d7fb00;
T_3 ;
    %wait E_0x64e557d7fdf0;
    %load/vec4 v0x64e557d803a0_0;
    %nor/r;
    %flag_set/vec4 8;
    %jmp/1 T_3.2, 8;
    %load/vec4 v0x64e557d801d0_0;
    %flag_set/vec4 9;
    %flag_or 8, 9;
T_3.2;
    %jmp/0xz  T_3.0, 8;
    %pushi/vec4 0, 0, 16;
    %assign/vec4 v0x64e557d7ff70_0, 0;
    %jmp T_3.1;
T_3.0 ;
    %load/vec4 v0x64e557d80050_0;
    %flag_set/vec4 8;
    %jmp/0xz  T_3.3, 8;
    %load/vec4 v0x64e557d7ff70_0;
    %load/vec4 v0x64e557d7fe70_0;
    %pad/u 16;
    %load/vec4 v0x64e557d800f0_0;
    %pad/u 16;
    %mul;
    %add;
    %assign/vec4 v0x64e557d7ff70_0, 0;
T_3.3 ;
T_3.1 ;
    %jmp T_3;
    .thread T_3;
    .scope S_0x64e557d146d0;
T_4 ;
    %delay 5000, 0;
    %load/vec4 v0x64e557d80960_0;
    %inv;
    %store/vec4 v0x64e557d80960_0, 0, 1;
    %jmp T_4;
    .thread T_4;
    .scope S_0x64e557d146d0;
T_5 ;
    %pushi/vec4 0, 0, 1;
    %store/vec4 v0x64e557d80960_0, 0, 1;
    %pushi/vec4 0, 0, 1;
    %store/vec4 v0x64e557d80a30_0, 0, 1;
    %pushi/vec4 0, 0, 8;
    %store/vec4 v0x64e557d80580_0, 0, 8;
    %pushi/vec4 0, 0, 8;
    %store/vec4 v0x64e557d807a0_0, 0, 8;
    %pushi/vec4 0, 0, 1;
    %store/vec4 v0x64e557d80700_0, 0, 1;
    %pushi/vec4 0, 0, 1;
    %store/vec4 v0x64e557d80870_0, 0, 1;
    %delay 10000, 0;
    %pushi/vec4 1, 0, 1;
    %store/vec4 v0x64e557d80a30_0, 0, 1;
    %pushi/vec4 1, 0, 1;
    %store/vec4 v0x64e557d80870_0, 0, 1;
    %wait E_0x64e557d53380;
    %pushi/vec4 0, 0, 1;
    %store/vec4 v0x64e557d80870_0, 0, 1;
    %pushi/vec4 5, 0, 8;
    %store/vec4 v0x64e557d80580_0, 0, 8;
    %pushi/vec4 1, 0, 8;
    %store/vec4 v0x64e557d807a0_0, 0, 8;
    %pushi/vec4 1, 0, 1;
    %store/vec4 v0x64e557d80700_0, 0, 1;
    %wait E_0x64e557d53380;
    %pushi/vec4 6, 0, 8;
    %store/vec4 v0x64e557d80580_0, 0, 8;
    %pushi/vec4 2, 0, 8;
    %store/vec4 v0x64e557d807a0_0, 0, 8;
    %wait E_0x64e557d53380;
    %pushi/vec4 0, 0, 1;
    %store/vec4 v0x64e557d80700_0, 0, 1;
    %load/vec4 v0x64e557d80660_0;
    %cmpi/e 17, 0, 16;
    %jmp/0xz  T_5.0, 6;
    %vpi_call/w 5 47 "$display", "PASS: mac_acc=%0d", v0x64e557d80660_0 {0 0 0};
    %jmp T_5.1;
T_5.0 ;
    %vpi_call/w 5 49 "$display", "FAIL: mac_acc=%0d", v0x64e557d80660_0 {0 0 0};
T_5.1 ;
    %vpi_call/w 5 51 "$finish" {0 0 0};
    %end;
    .thread T_5;
# The file index is used to find the file name in the following table.
:file_names 7;
    "N/A";
    "<interactive>";
    "-";
    "cache_buffer.v";
    "dma_ctrl.v";
    "tb_mac_unit.v";
    "mac_unit.v";
