#! /usr/bin/vvp
:ivl_version "12.0 (stable)";
:ivl_delay_selection "TYPICAL";
:vpi_time_precision - 12;
:vpi_module "/usr/lib/x86_64-linux-gnu/ivl/system.vpi";
:vpi_module "/usr/lib/x86_64-linux-gnu/ivl/vhdl_sys.vpi";
:vpi_module "/usr/lib/x86_64-linux-gnu/ivl/vhdl_textio.vpi";
:vpi_module "/usr/lib/x86_64-linux-gnu/ivl/v2005_math.vpi";
:vpi_module "/usr/lib/x86_64-linux-gnu/ivl/va_math.vpi";
:vpi_module "/usr/lib/x86_64-linux-gnu/ivl/v2009.vpi";
S_0x5b9e500b8490 .scope package, "$unit" "$unit" 2 1;
 .timescale 0 0;
S_0x5b9e500b8620 .scope module, "tb_top_accelerator" "tb_top_accelerator" 3 3;
 .timescale -9 -12;
v0x5b9e5014a8d0_0 .var "a_write_addr", 7 0;
v0x5b9e5014a9b0_0 .var "a_write_data", 7 0;
v0x5b9e5014aa70_0 .var "a_write_en", 0 0;
v0x5b9e5014ab60_0 .var "clk", 0 0;
v0x5b9e5014ac00_0 .var "dma_len", 7 0;
v0x5b9e5014ad40_0 .net "done", 0 0, v0x5b9e50149f70_0;  1 drivers
v0x5b9e5014ade0_0 .net "result", 15 0, v0x5b9e5014a0e0_0;  1 drivers
v0x5b9e5014ae80_0 .var "rst_n", 0 0;
v0x5b9e5014af20_0 .var "start", 0 0;
v0x5b9e5014afc0_0 .var "w_write_addr", 7 0;
v0x5b9e5014b0b0_0 .var "w_write_data", 7 0;
v0x5b9e5014b1c0_0 .var "w_write_en", 0 0;
E_0x5b9e500f6790 .event posedge, v0x5b9e50122890_0;
E_0x5b9e500f6a40 .event anyedge, v0x5b9e50149f70_0;
S_0x5b9e500f99a0 .scope module, "dut" "top_accelerator" 3 18, 4 1 0, S_0x5b9e500b8620;
 .timescale 0 0;
    .port_info 0 /INPUT 1 "clk";
    .port_info 1 /INPUT 1 "rst_n";
    .port_info 2 /INPUT 1 "start";
    .port_info 3 /INPUT 8 "dma_len";
    .port_info 4 /INPUT 8 "w_write_addr";
    .port_info 5 /INPUT 8 "w_write_data";
    .port_info 6 /INPUT 1 "w_write_en";
    .port_info 7 /INPUT 8 "a_write_addr";
    .port_info 8 /INPUT 8 "a_write_data";
    .port_info 9 /INPUT 1 "a_write_en";
    .port_info 10 /OUTPUT 1 "done";
    .port_info 11 /OUTPUT 16 "result";
P_0x5b9e500f9b80 .param/l "FIN" 1 4 30, C4<10>;
P_0x5b9e500f9bc0 .param/l "IDLE" 1 4 28, C4<00>;
P_0x5b9e500f9c00 .param/l "RUN" 1 4 29, C4<01>;
v0x5b9e50149580_0 .net "a_write_addr", 7 0, v0x5b9e5014a8d0_0;  1 drivers
v0x5b9e50149660_0 .net "a_write_data", 7 0, v0x5b9e5014a9b0_0;  1 drivers
v0x5b9e50149700_0 .net "a_write_en", 0 0, v0x5b9e5014aa70_0;  1 drivers
v0x5b9e501497d0_0 .var "accum_en", 0 0;
v0x5b9e501498a0_0 .net "act_word", 7 0, v0x5b9e5011f570_0;  1 drivers
v0x5b9e50149990_0 .var "clear_acc", 0 0;
v0x5b9e50149a30_0 .net "clk", 0 0, v0x5b9e5014ab60_0;  1 drivers
v0x5b9e50149b60_0 .var "count", 7 0;
v0x5b9e50149c00_0 .net "dma_addr", 7 0, v0x5b9e501448d0_0;  1 drivers
v0x5b9e50149d30_0 .net "dma_done", 0 0, v0x5b9e50144ad0_0;  1 drivers
v0x5b9e50149dd0_0 .net "dma_len", 7 0, v0x5b9e5014ac00_0;  1 drivers
v0x5b9e50149ea0_0 .net "dma_ready", 0 0, v0x5b9e50144ca0_0;  1 drivers
v0x5b9e50149f70_0 .var "done", 0 0;
v0x5b9e5014a010_0 .net "mac_acc", 15 0, v0x5b9e50145310_0;  1 drivers
v0x5b9e5014a0e0_0 .var "result", 15 0;
v0x5b9e5014a180_0 .net "rst_n", 0 0, v0x5b9e5014ae80_0;  1 drivers
v0x5b9e5014a2b0_0 .net "start", 0 0, v0x5b9e5014af20_0;  1 drivers
v0x5b9e5014a380_0 .var "state", 1 0;
v0x5b9e5014a440_0 .net "w_write_addr", 7 0, v0x5b9e5014afc0_0;  1 drivers
v0x5b9e5014a530_0 .net "w_write_data", 7 0, v0x5b9e5014b0b0_0;  1 drivers
v0x5b9e5014a600_0 .net "w_write_en", 0 0, v0x5b9e5014b1c0_0;  1 drivers
v0x5b9e5014a6d0_0 .net "weight_word", 7 0, v0x5b9e50148fc0_0;  1 drivers
S_0x5b9e50108210 .scope module, "u_act_buf" "cache_buffer" 4 54, 5 1 0, S_0x5b9e500f99a0;
 .timescale 0 0;
    .port_info 0 /INPUT 1 "clk";
    .port_info 1 /INPUT 1 "rst_n";
    .port_info 2 /INPUT 8 "write_addr";
    .port_info 3 /INPUT 8 "write_data";
    .port_info 4 /INPUT 1 "write_en";
    .port_info 5 /INPUT 8 "read_addr";
    .port_info 6 /OUTPUT 8 "read_data";
v0x5b9e50122890_0 .net "clk", 0 0, v0x5b9e5014ab60_0;  alias, 1 drivers
v0x5b9e500e9370_0 .var/i "i", 31 0;
v0x5b9e500e9410 .array "mem", 255 0, 7 0;
v0x5b9e5011f4d0_0 .net "read_addr", 7 0, v0x5b9e501448d0_0;  alias, 1 drivers
v0x5b9e5011f570_0 .var "read_data", 7 0;
v0x5b9e500e8230_0 .net "rst_n", 0 0, v0x5b9e5014ae80_0;  alias, 1 drivers
v0x5b9e500e8300_0 .net "write_addr", 7 0, v0x5b9e5014a8d0_0;  alias, 1 drivers
v0x5b9e501443f0_0 .net "write_data", 7 0, v0x5b9e5014a9b0_0;  alias, 1 drivers
v0x5b9e501444d0_0 .net "write_en", 0 0, v0x5b9e5014aa70_0;  alias, 1 drivers
v0x5b9e500e9410_0 .array/port v0x5b9e500e9410, 0;
v0x5b9e500e9410_1 .array/port v0x5b9e500e9410, 1;
v0x5b9e500e9410_2 .array/port v0x5b9e500e9410, 2;
E_0x5b9e500dc780/0 .event anyedge, v0x5b9e5011f4d0_0, v0x5b9e500e9410_0, v0x5b9e500e9410_1, v0x5b9e500e9410_2;
v0x5b9e500e9410_3 .array/port v0x5b9e500e9410, 3;
v0x5b9e500e9410_4 .array/port v0x5b9e500e9410, 4;
v0x5b9e500e9410_5 .array/port v0x5b9e500e9410, 5;
v0x5b9e500e9410_6 .array/port v0x5b9e500e9410, 6;
E_0x5b9e500dc780/1 .event anyedge, v0x5b9e500e9410_3, v0x5b9e500e9410_4, v0x5b9e500e9410_5, v0x5b9e500e9410_6;
v0x5b9e500e9410_7 .array/port v0x5b9e500e9410, 7;
v0x5b9e500e9410_8 .array/port v0x5b9e500e9410, 8;
v0x5b9e500e9410_9 .array/port v0x5b9e500e9410, 9;
v0x5b9e500e9410_10 .array/port v0x5b9e500e9410, 10;
E_0x5b9e500dc780/2 .event anyedge, v0x5b9e500e9410_7, v0x5b9e500e9410_8, v0x5b9e500e9410_9, v0x5b9e500e9410_10;
v0x5b9e500e9410_11 .array/port v0x5b9e500e9410, 11;
v0x5b9e500e9410_12 .array/port v0x5b9e500e9410, 12;
v0x5b9e500e9410_13 .array/port v0x5b9e500e9410, 13;
v0x5b9e500e9410_14 .array/port v0x5b9e500e9410, 14;
E_0x5b9e500dc780/3 .event anyedge, v0x5b9e500e9410_11, v0x5b9e500e9410_12, v0x5b9e500e9410_13, v0x5b9e500e9410_14;
v0x5b9e500e9410_15 .array/port v0x5b9e500e9410, 15;
v0x5b9e500e9410_16 .array/port v0x5b9e500e9410, 16;
v0x5b9e500e9410_17 .array/port v0x5b9e500e9410, 17;
v0x5b9e500e9410_18 .array/port v0x5b9e500e9410, 18;
E_0x5b9e500dc780/4 .event anyedge, v0x5b9e500e9410_15, v0x5b9e500e9410_16, v0x5b9e500e9410_17, v0x5b9e500e9410_18;
v0x5b9e500e9410_19 .array/port v0x5b9e500e9410, 19;
v0x5b9e500e9410_20 .array/port v0x5b9e500e9410, 20;
v0x5b9e500e9410_21 .array/port v0x5b9e500e9410, 21;
v0x5b9e500e9410_22 .array/port v0x5b9e500e9410, 22;
E_0x5b9e500dc780/5 .event anyedge, v0x5b9e500e9410_19, v0x5b9e500e9410_20, v0x5b9e500e9410_21, v0x5b9e500e9410_22;
v0x5b9e500e9410_23 .array/port v0x5b9e500e9410, 23;
v0x5b9e500e9410_24 .array/port v0x5b9e500e9410, 24;
v0x5b9e500e9410_25 .array/port v0x5b9e500e9410, 25;
v0x5b9e500e9410_26 .array/port v0x5b9e500e9410, 26;
E_0x5b9e500dc780/6 .event anyedge, v0x5b9e500e9410_23, v0x5b9e500e9410_24, v0x5b9e500e9410_25, v0x5b9e500e9410_26;
v0x5b9e500e9410_27 .array/port v0x5b9e500e9410, 27;
v0x5b9e500e9410_28 .array/port v0x5b9e500e9410, 28;
v0x5b9e500e9410_29 .array/port v0x5b9e500e9410, 29;
v0x5b9e500e9410_30 .array/port v0x5b9e500e9410, 30;
E_0x5b9e500dc780/7 .event anyedge, v0x5b9e500e9410_27, v0x5b9e500e9410_28, v0x5b9e500e9410_29, v0x5b9e500e9410_30;
v0x5b9e500e9410_31 .array/port v0x5b9e500e9410, 31;
v0x5b9e500e9410_32 .array/port v0x5b9e500e9410, 32;
v0x5b9e500e9410_33 .array/port v0x5b9e500e9410, 33;
v0x5b9e500e9410_34 .array/port v0x5b9e500e9410, 34;
E_0x5b9e500dc780/8 .event anyedge, v0x5b9e500e9410_31, v0x5b9e500e9410_32, v0x5b9e500e9410_33, v0x5b9e500e9410_34;
v0x5b9e500e9410_35 .array/port v0x5b9e500e9410, 35;
v0x5b9e500e9410_36 .array/port v0x5b9e500e9410, 36;
v0x5b9e500e9410_37 .array/port v0x5b9e500e9410, 37;
v0x5b9e500e9410_38 .array/port v0x5b9e500e9410, 38;
E_0x5b9e500dc780/9 .event anyedge, v0x5b9e500e9410_35, v0x5b9e500e9410_36, v0x5b9e500e9410_37, v0x5b9e500e9410_38;
v0x5b9e500e9410_39 .array/port v0x5b9e500e9410, 39;
v0x5b9e500e9410_40 .array/port v0x5b9e500e9410, 40;
v0x5b9e500e9410_41 .array/port v0x5b9e500e9410, 41;
v0x5b9e500e9410_42 .array/port v0x5b9e500e9410, 42;
E_0x5b9e500dc780/10 .event anyedge, v0x5b9e500e9410_39, v0x5b9e500e9410_40, v0x5b9e500e9410_41, v0x5b9e500e9410_42;
v0x5b9e500e9410_43 .array/port v0x5b9e500e9410, 43;
v0x5b9e500e9410_44 .array/port v0x5b9e500e9410, 44;
v0x5b9e500e9410_45 .array/port v0x5b9e500e9410, 45;
v0x5b9e500e9410_46 .array/port v0x5b9e500e9410, 46;
E_0x5b9e500dc780/11 .event anyedge, v0x5b9e500e9410_43, v0x5b9e500e9410_44, v0x5b9e500e9410_45, v0x5b9e500e9410_46;
v0x5b9e500e9410_47 .array/port v0x5b9e500e9410, 47;
v0x5b9e500e9410_48 .array/port v0x5b9e500e9410, 48;
v0x5b9e500e9410_49 .array/port v0x5b9e500e9410, 49;
v0x5b9e500e9410_50 .array/port v0x5b9e500e9410, 50;
E_0x5b9e500dc780/12 .event anyedge, v0x5b9e500e9410_47, v0x5b9e500e9410_48, v0x5b9e500e9410_49, v0x5b9e500e9410_50;
v0x5b9e500e9410_51 .array/port v0x5b9e500e9410, 51;
v0x5b9e500e9410_52 .array/port v0x5b9e500e9410, 52;
v0x5b9e500e9410_53 .array/port v0x5b9e500e9410, 53;
v0x5b9e500e9410_54 .array/port v0x5b9e500e9410, 54;
E_0x5b9e500dc780/13 .event anyedge, v0x5b9e500e9410_51, v0x5b9e500e9410_52, v0x5b9e500e9410_53, v0x5b9e500e9410_54;
v0x5b9e500e9410_55 .array/port v0x5b9e500e9410, 55;
v0x5b9e500e9410_56 .array/port v0x5b9e500e9410, 56;
v0x5b9e500e9410_57 .array/port v0x5b9e500e9410, 57;
v0x5b9e500e9410_58 .array/port v0x5b9e500e9410, 58;
E_0x5b9e500dc780/14 .event anyedge, v0x5b9e500e9410_55, v0x5b9e500e9410_56, v0x5b9e500e9410_57, v0x5b9e500e9410_58;
v0x5b9e500e9410_59 .array/port v0x5b9e500e9410, 59;
v0x5b9e500e9410_60 .array/port v0x5b9e500e9410, 60;
v0x5b9e500e9410_61 .array/port v0x5b9e500e9410, 61;
v0x5b9e500e9410_62 .array/port v0x5b9e500e9410, 62;
E_0x5b9e500dc780/15 .event anyedge, v0x5b9e500e9410_59, v0x5b9e500e9410_60, v0x5b9e500e9410_61, v0x5b9e500e9410_62;
v0x5b9e500e9410_63 .array/port v0x5b9e500e9410, 63;
v0x5b9e500e9410_64 .array/port v0x5b9e500e9410, 64;
v0x5b9e500e9410_65 .array/port v0x5b9e500e9410, 65;
v0x5b9e500e9410_66 .array/port v0x5b9e500e9410, 66;
E_0x5b9e500dc780/16 .event anyedge, v0x5b9e500e9410_63, v0x5b9e500e9410_64, v0x5b9e500e9410_65, v0x5b9e500e9410_66;
v0x5b9e500e9410_67 .array/port v0x5b9e500e9410, 67;
v0x5b9e500e9410_68 .array/port v0x5b9e500e9410, 68;
v0x5b9e500e9410_69 .array/port v0x5b9e500e9410, 69;
v0x5b9e500e9410_70 .array/port v0x5b9e500e9410, 70;
E_0x5b9e500dc780/17 .event anyedge, v0x5b9e500e9410_67, v0x5b9e500e9410_68, v0x5b9e500e9410_69, v0x5b9e500e9410_70;
v0x5b9e500e9410_71 .array/port v0x5b9e500e9410, 71;
v0x5b9e500e9410_72 .array/port v0x5b9e500e9410, 72;
v0x5b9e500e9410_73 .array/port v0x5b9e500e9410, 73;
v0x5b9e500e9410_74 .array/port v0x5b9e500e9410, 74;
E_0x5b9e500dc780/18 .event anyedge, v0x5b9e500e9410_71, v0x5b9e500e9410_72, v0x5b9e500e9410_73, v0x5b9e500e9410_74;
v0x5b9e500e9410_75 .array/port v0x5b9e500e9410, 75;
v0x5b9e500e9410_76 .array/port v0x5b9e500e9410, 76;
v0x5b9e500e9410_77 .array/port v0x5b9e500e9410, 77;
v0x5b9e500e9410_78 .array/port v0x5b9e500e9410, 78;
E_0x5b9e500dc780/19 .event anyedge, v0x5b9e500e9410_75, v0x5b9e500e9410_76, v0x5b9e500e9410_77, v0x5b9e500e9410_78;
v0x5b9e500e9410_79 .array/port v0x5b9e500e9410, 79;
v0x5b9e500e9410_80 .array/port v0x5b9e500e9410, 80;
v0x5b9e500e9410_81 .array/port v0x5b9e500e9410, 81;
v0x5b9e500e9410_82 .array/port v0x5b9e500e9410, 82;
E_0x5b9e500dc780/20 .event anyedge, v0x5b9e500e9410_79, v0x5b9e500e9410_80, v0x5b9e500e9410_81, v0x5b9e500e9410_82;
v0x5b9e500e9410_83 .array/port v0x5b9e500e9410, 83;
v0x5b9e500e9410_84 .array/port v0x5b9e500e9410, 84;
v0x5b9e500e9410_85 .array/port v0x5b9e500e9410, 85;
v0x5b9e500e9410_86 .array/port v0x5b9e500e9410, 86;
E_0x5b9e500dc780/21 .event anyedge, v0x5b9e500e9410_83, v0x5b9e500e9410_84, v0x5b9e500e9410_85, v0x5b9e500e9410_86;
v0x5b9e500e9410_87 .array/port v0x5b9e500e9410, 87;
v0x5b9e500e9410_88 .array/port v0x5b9e500e9410, 88;
v0x5b9e500e9410_89 .array/port v0x5b9e500e9410, 89;
v0x5b9e500e9410_90 .array/port v0x5b9e500e9410, 90;
E_0x5b9e500dc780/22 .event anyedge, v0x5b9e500e9410_87, v0x5b9e500e9410_88, v0x5b9e500e9410_89, v0x5b9e500e9410_90;
v0x5b9e500e9410_91 .array/port v0x5b9e500e9410, 91;
v0x5b9e500e9410_92 .array/port v0x5b9e500e9410, 92;
v0x5b9e500e9410_93 .array/port v0x5b9e500e9410, 93;
v0x5b9e500e9410_94 .array/port v0x5b9e500e9410, 94;
E_0x5b9e500dc780/23 .event anyedge, v0x5b9e500e9410_91, v0x5b9e500e9410_92, v0x5b9e500e9410_93, v0x5b9e500e9410_94;
v0x5b9e500e9410_95 .array/port v0x5b9e500e9410, 95;
v0x5b9e500e9410_96 .array/port v0x5b9e500e9410, 96;
v0x5b9e500e9410_97 .array/port v0x5b9e500e9410, 97;
v0x5b9e500e9410_98 .array/port v0x5b9e500e9410, 98;
E_0x5b9e500dc780/24 .event anyedge, v0x5b9e500e9410_95, v0x5b9e500e9410_96, v0x5b9e500e9410_97, v0x5b9e500e9410_98;
v0x5b9e500e9410_99 .array/port v0x5b9e500e9410, 99;
v0x5b9e500e9410_100 .array/port v0x5b9e500e9410, 100;
v0x5b9e500e9410_101 .array/port v0x5b9e500e9410, 101;
v0x5b9e500e9410_102 .array/port v0x5b9e500e9410, 102;
E_0x5b9e500dc780/25 .event anyedge, v0x5b9e500e9410_99, v0x5b9e500e9410_100, v0x5b9e500e9410_101, v0x5b9e500e9410_102;
v0x5b9e500e9410_103 .array/port v0x5b9e500e9410, 103;
v0x5b9e500e9410_104 .array/port v0x5b9e500e9410, 104;
v0x5b9e500e9410_105 .array/port v0x5b9e500e9410, 105;
v0x5b9e500e9410_106 .array/port v0x5b9e500e9410, 106;
E_0x5b9e500dc780/26 .event anyedge, v0x5b9e500e9410_103, v0x5b9e500e9410_104, v0x5b9e500e9410_105, v0x5b9e500e9410_106;
v0x5b9e500e9410_107 .array/port v0x5b9e500e9410, 107;
v0x5b9e500e9410_108 .array/port v0x5b9e500e9410, 108;
v0x5b9e500e9410_109 .array/port v0x5b9e500e9410, 109;
v0x5b9e500e9410_110 .array/port v0x5b9e500e9410, 110;
E_0x5b9e500dc780/27 .event anyedge, v0x5b9e500e9410_107, v0x5b9e500e9410_108, v0x5b9e500e9410_109, v0x5b9e500e9410_110;
v0x5b9e500e9410_111 .array/port v0x5b9e500e9410, 111;
v0x5b9e500e9410_112 .array/port v0x5b9e500e9410, 112;
v0x5b9e500e9410_113 .array/port v0x5b9e500e9410, 113;
v0x5b9e500e9410_114 .array/port v0x5b9e500e9410, 114;
E_0x5b9e500dc780/28 .event anyedge, v0x5b9e500e9410_111, v0x5b9e500e9410_112, v0x5b9e500e9410_113, v0x5b9e500e9410_114;
v0x5b9e500e9410_115 .array/port v0x5b9e500e9410, 115;
v0x5b9e500e9410_116 .array/port v0x5b9e500e9410, 116;
v0x5b9e500e9410_117 .array/port v0x5b9e500e9410, 117;
v0x5b9e500e9410_118 .array/port v0x5b9e500e9410, 118;
E_0x5b9e500dc780/29 .event anyedge, v0x5b9e500e9410_115, v0x5b9e500e9410_116, v0x5b9e500e9410_117, v0x5b9e500e9410_118;
v0x5b9e500e9410_119 .array/port v0x5b9e500e9410, 119;
v0x5b9e500e9410_120 .array/port v0x5b9e500e9410, 120;
v0x5b9e500e9410_121 .array/port v0x5b9e500e9410, 121;
v0x5b9e500e9410_122 .array/port v0x5b9e500e9410, 122;
E_0x5b9e500dc780/30 .event anyedge, v0x5b9e500e9410_119, v0x5b9e500e9410_120, v0x5b9e500e9410_121, v0x5b9e500e9410_122;
v0x5b9e500e9410_123 .array/port v0x5b9e500e9410, 123;
v0x5b9e500e9410_124 .array/port v0x5b9e500e9410, 124;
v0x5b9e500e9410_125 .array/port v0x5b9e500e9410, 125;
v0x5b9e500e9410_126 .array/port v0x5b9e500e9410, 126;
E_0x5b9e500dc780/31 .event anyedge, v0x5b9e500e9410_123, v0x5b9e500e9410_124, v0x5b9e500e9410_125, v0x5b9e500e9410_126;
v0x5b9e500e9410_127 .array/port v0x5b9e500e9410, 127;
v0x5b9e500e9410_128 .array/port v0x5b9e500e9410, 128;
v0x5b9e500e9410_129 .array/port v0x5b9e500e9410, 129;
v0x5b9e500e9410_130 .array/port v0x5b9e500e9410, 130;
E_0x5b9e500dc780/32 .event anyedge, v0x5b9e500e9410_127, v0x5b9e500e9410_128, v0x5b9e500e9410_129, v0x5b9e500e9410_130;
v0x5b9e500e9410_131 .array/port v0x5b9e500e9410, 131;
v0x5b9e500e9410_132 .array/port v0x5b9e500e9410, 132;
v0x5b9e500e9410_133 .array/port v0x5b9e500e9410, 133;
v0x5b9e500e9410_134 .array/port v0x5b9e500e9410, 134;
E_0x5b9e500dc780/33 .event anyedge, v0x5b9e500e9410_131, v0x5b9e500e9410_132, v0x5b9e500e9410_133, v0x5b9e500e9410_134;
v0x5b9e500e9410_135 .array/port v0x5b9e500e9410, 135;
v0x5b9e500e9410_136 .array/port v0x5b9e500e9410, 136;
v0x5b9e500e9410_137 .array/port v0x5b9e500e9410, 137;
v0x5b9e500e9410_138 .array/port v0x5b9e500e9410, 138;
E_0x5b9e500dc780/34 .event anyedge, v0x5b9e500e9410_135, v0x5b9e500e9410_136, v0x5b9e500e9410_137, v0x5b9e500e9410_138;
v0x5b9e500e9410_139 .array/port v0x5b9e500e9410, 139;
v0x5b9e500e9410_140 .array/port v0x5b9e500e9410, 140;
v0x5b9e500e9410_141 .array/port v0x5b9e500e9410, 141;
v0x5b9e500e9410_142 .array/port v0x5b9e500e9410, 142;
E_0x5b9e500dc780/35 .event anyedge, v0x5b9e500e9410_139, v0x5b9e500e9410_140, v0x5b9e500e9410_141, v0x5b9e500e9410_142;
v0x5b9e500e9410_143 .array/port v0x5b9e500e9410, 143;
v0x5b9e500e9410_144 .array/port v0x5b9e500e9410, 144;
v0x5b9e500e9410_145 .array/port v0x5b9e500e9410, 145;
v0x5b9e500e9410_146 .array/port v0x5b9e500e9410, 146;
E_0x5b9e500dc780/36 .event anyedge, v0x5b9e500e9410_143, v0x5b9e500e9410_144, v0x5b9e500e9410_145, v0x5b9e500e9410_146;
v0x5b9e500e9410_147 .array/port v0x5b9e500e9410, 147;
v0x5b9e500e9410_148 .array/port v0x5b9e500e9410, 148;
v0x5b9e500e9410_149 .array/port v0x5b9e500e9410, 149;
v0x5b9e500e9410_150 .array/port v0x5b9e500e9410, 150;
E_0x5b9e500dc780/37 .event anyedge, v0x5b9e500e9410_147, v0x5b9e500e9410_148, v0x5b9e500e9410_149, v0x5b9e500e9410_150;
v0x5b9e500e9410_151 .array/port v0x5b9e500e9410, 151;
v0x5b9e500e9410_152 .array/port v0x5b9e500e9410, 152;
v0x5b9e500e9410_153 .array/port v0x5b9e500e9410, 153;
v0x5b9e500e9410_154 .array/port v0x5b9e500e9410, 154;
E_0x5b9e500dc780/38 .event anyedge, v0x5b9e500e9410_151, v0x5b9e500e9410_152, v0x5b9e500e9410_153, v0x5b9e500e9410_154;
v0x5b9e500e9410_155 .array/port v0x5b9e500e9410, 155;
v0x5b9e500e9410_156 .array/port v0x5b9e500e9410, 156;
v0x5b9e500e9410_157 .array/port v0x5b9e500e9410, 157;
v0x5b9e500e9410_158 .array/port v0x5b9e500e9410, 158;
E_0x5b9e500dc780/39 .event anyedge, v0x5b9e500e9410_155, v0x5b9e500e9410_156, v0x5b9e500e9410_157, v0x5b9e500e9410_158;
v0x5b9e500e9410_159 .array/port v0x5b9e500e9410, 159;
v0x5b9e500e9410_160 .array/port v0x5b9e500e9410, 160;
v0x5b9e500e9410_161 .array/port v0x5b9e500e9410, 161;
v0x5b9e500e9410_162 .array/port v0x5b9e500e9410, 162;
E_0x5b9e500dc780/40 .event anyedge, v0x5b9e500e9410_159, v0x5b9e500e9410_160, v0x5b9e500e9410_161, v0x5b9e500e9410_162;
v0x5b9e500e9410_163 .array/port v0x5b9e500e9410, 163;
v0x5b9e500e9410_164 .array/port v0x5b9e500e9410, 164;
v0x5b9e500e9410_165 .array/port v0x5b9e500e9410, 165;
v0x5b9e500e9410_166 .array/port v0x5b9e500e9410, 166;
E_0x5b9e500dc780/41 .event anyedge, v0x5b9e500e9410_163, v0x5b9e500e9410_164, v0x5b9e500e9410_165, v0x5b9e500e9410_166;
v0x5b9e500e9410_167 .array/port v0x5b9e500e9410, 167;
v0x5b9e500e9410_168 .array/port v0x5b9e500e9410, 168;
v0x5b9e500e9410_169 .array/port v0x5b9e500e9410, 169;
v0x5b9e500e9410_170 .array/port v0x5b9e500e9410, 170;
E_0x5b9e500dc780/42 .event anyedge, v0x5b9e500e9410_167, v0x5b9e500e9410_168, v0x5b9e500e9410_169, v0x5b9e500e9410_170;
v0x5b9e500e9410_171 .array/port v0x5b9e500e9410, 171;
v0x5b9e500e9410_172 .array/port v0x5b9e500e9410, 172;
v0x5b9e500e9410_173 .array/port v0x5b9e500e9410, 173;
v0x5b9e500e9410_174 .array/port v0x5b9e500e9410, 174;
E_0x5b9e500dc780/43 .event anyedge, v0x5b9e500e9410_171, v0x5b9e500e9410_172, v0x5b9e500e9410_173, v0x5b9e500e9410_174;
v0x5b9e500e9410_175 .array/port v0x5b9e500e9410, 175;
v0x5b9e500e9410_176 .array/port v0x5b9e500e9410, 176;
v0x5b9e500e9410_177 .array/port v0x5b9e500e9410, 177;
v0x5b9e500e9410_178 .array/port v0x5b9e500e9410, 178;
E_0x5b9e500dc780/44 .event anyedge, v0x5b9e500e9410_175, v0x5b9e500e9410_176, v0x5b9e500e9410_177, v0x5b9e500e9410_178;
v0x5b9e500e9410_179 .array/port v0x5b9e500e9410, 179;
v0x5b9e500e9410_180 .array/port v0x5b9e500e9410, 180;
v0x5b9e500e9410_181 .array/port v0x5b9e500e9410, 181;
v0x5b9e500e9410_182 .array/port v0x5b9e500e9410, 182;
E_0x5b9e500dc780/45 .event anyedge, v0x5b9e500e9410_179, v0x5b9e500e9410_180, v0x5b9e500e9410_181, v0x5b9e500e9410_182;
v0x5b9e500e9410_183 .array/port v0x5b9e500e9410, 183;
v0x5b9e500e9410_184 .array/port v0x5b9e500e9410, 184;
v0x5b9e500e9410_185 .array/port v0x5b9e500e9410, 185;
v0x5b9e500e9410_186 .array/port v0x5b9e500e9410, 186;
E_0x5b9e500dc780/46 .event anyedge, v0x5b9e500e9410_183, v0x5b9e500e9410_184, v0x5b9e500e9410_185, v0x5b9e500e9410_186;
v0x5b9e500e9410_187 .array/port v0x5b9e500e9410, 187;
v0x5b9e500e9410_188 .array/port v0x5b9e500e9410, 188;
v0x5b9e500e9410_189 .array/port v0x5b9e500e9410, 189;
v0x5b9e500e9410_190 .array/port v0x5b9e500e9410, 190;
E_0x5b9e500dc780/47 .event anyedge, v0x5b9e500e9410_187, v0x5b9e500e9410_188, v0x5b9e500e9410_189, v0x5b9e500e9410_190;
v0x5b9e500e9410_191 .array/port v0x5b9e500e9410, 191;
v0x5b9e500e9410_192 .array/port v0x5b9e500e9410, 192;
v0x5b9e500e9410_193 .array/port v0x5b9e500e9410, 193;
v0x5b9e500e9410_194 .array/port v0x5b9e500e9410, 194;
E_0x5b9e500dc780/48 .event anyedge, v0x5b9e500e9410_191, v0x5b9e500e9410_192, v0x5b9e500e9410_193, v0x5b9e500e9410_194;
v0x5b9e500e9410_195 .array/port v0x5b9e500e9410, 195;
v0x5b9e500e9410_196 .array/port v0x5b9e500e9410, 196;
v0x5b9e500e9410_197 .array/port v0x5b9e500e9410, 197;
v0x5b9e500e9410_198 .array/port v0x5b9e500e9410, 198;
E_0x5b9e500dc780/49 .event anyedge, v0x5b9e500e9410_195, v0x5b9e500e9410_196, v0x5b9e500e9410_197, v0x5b9e500e9410_198;
v0x5b9e500e9410_199 .array/port v0x5b9e500e9410, 199;
v0x5b9e500e9410_200 .array/port v0x5b9e500e9410, 200;
v0x5b9e500e9410_201 .array/port v0x5b9e500e9410, 201;
v0x5b9e500e9410_202 .array/port v0x5b9e500e9410, 202;
E_0x5b9e500dc780/50 .event anyedge, v0x5b9e500e9410_199, v0x5b9e500e9410_200, v0x5b9e500e9410_201, v0x5b9e500e9410_202;
v0x5b9e500e9410_203 .array/port v0x5b9e500e9410, 203;
v0x5b9e500e9410_204 .array/port v0x5b9e500e9410, 204;
v0x5b9e500e9410_205 .array/port v0x5b9e500e9410, 205;
v0x5b9e500e9410_206 .array/port v0x5b9e500e9410, 206;
E_0x5b9e500dc780/51 .event anyedge, v0x5b9e500e9410_203, v0x5b9e500e9410_204, v0x5b9e500e9410_205, v0x5b9e500e9410_206;
v0x5b9e500e9410_207 .array/port v0x5b9e500e9410, 207;
v0x5b9e500e9410_208 .array/port v0x5b9e500e9410, 208;
v0x5b9e500e9410_209 .array/port v0x5b9e500e9410, 209;
v0x5b9e500e9410_210 .array/port v0x5b9e500e9410, 210;
E_0x5b9e500dc780/52 .event anyedge, v0x5b9e500e9410_207, v0x5b9e500e9410_208, v0x5b9e500e9410_209, v0x5b9e500e9410_210;
v0x5b9e500e9410_211 .array/port v0x5b9e500e9410, 211;
v0x5b9e500e9410_212 .array/port v0x5b9e500e9410, 212;
v0x5b9e500e9410_213 .array/port v0x5b9e500e9410, 213;
v0x5b9e500e9410_214 .array/port v0x5b9e500e9410, 214;
E_0x5b9e500dc780/53 .event anyedge, v0x5b9e500e9410_211, v0x5b9e500e9410_212, v0x5b9e500e9410_213, v0x5b9e500e9410_214;
v0x5b9e500e9410_215 .array/port v0x5b9e500e9410, 215;
v0x5b9e500e9410_216 .array/port v0x5b9e500e9410, 216;
v0x5b9e500e9410_217 .array/port v0x5b9e500e9410, 217;
v0x5b9e500e9410_218 .array/port v0x5b9e500e9410, 218;
E_0x5b9e500dc780/54 .event anyedge, v0x5b9e500e9410_215, v0x5b9e500e9410_216, v0x5b9e500e9410_217, v0x5b9e500e9410_218;
v0x5b9e500e9410_219 .array/port v0x5b9e500e9410, 219;
v0x5b9e500e9410_220 .array/port v0x5b9e500e9410, 220;
v0x5b9e500e9410_221 .array/port v0x5b9e500e9410, 221;
v0x5b9e500e9410_222 .array/port v0x5b9e500e9410, 222;
E_0x5b9e500dc780/55 .event anyedge, v0x5b9e500e9410_219, v0x5b9e500e9410_220, v0x5b9e500e9410_221, v0x5b9e500e9410_222;
v0x5b9e500e9410_223 .array/port v0x5b9e500e9410, 223;
v0x5b9e500e9410_224 .array/port v0x5b9e500e9410, 224;
v0x5b9e500e9410_225 .array/port v0x5b9e500e9410, 225;
v0x5b9e500e9410_226 .array/port v0x5b9e500e9410, 226;
E_0x5b9e500dc780/56 .event anyedge, v0x5b9e500e9410_223, v0x5b9e500e9410_224, v0x5b9e500e9410_225, v0x5b9e500e9410_226;
v0x5b9e500e9410_227 .array/port v0x5b9e500e9410, 227;
v0x5b9e500e9410_228 .array/port v0x5b9e500e9410, 228;
v0x5b9e500e9410_229 .array/port v0x5b9e500e9410, 229;
v0x5b9e500e9410_230 .array/port v0x5b9e500e9410, 230;
E_0x5b9e500dc780/57 .event anyedge, v0x5b9e500e9410_227, v0x5b9e500e9410_228, v0x5b9e500e9410_229, v0x5b9e500e9410_230;
v0x5b9e500e9410_231 .array/port v0x5b9e500e9410, 231;
v0x5b9e500e9410_232 .array/port v0x5b9e500e9410, 232;
v0x5b9e500e9410_233 .array/port v0x5b9e500e9410, 233;
v0x5b9e500e9410_234 .array/port v0x5b9e500e9410, 234;
E_0x5b9e500dc780/58 .event anyedge, v0x5b9e500e9410_231, v0x5b9e500e9410_232, v0x5b9e500e9410_233, v0x5b9e500e9410_234;
v0x5b9e500e9410_235 .array/port v0x5b9e500e9410, 235;
v0x5b9e500e9410_236 .array/port v0x5b9e500e9410, 236;
v0x5b9e500e9410_237 .array/port v0x5b9e500e9410, 237;
v0x5b9e500e9410_238 .array/port v0x5b9e500e9410, 238;
E_0x5b9e500dc780/59 .event anyedge, v0x5b9e500e9410_235, v0x5b9e500e9410_236, v0x5b9e500e9410_237, v0x5b9e500e9410_238;
v0x5b9e500e9410_239 .array/port v0x5b9e500e9410, 239;
v0x5b9e500e9410_240 .array/port v0x5b9e500e9410, 240;
v0x5b9e500e9410_241 .array/port v0x5b9e500e9410, 241;
v0x5b9e500e9410_242 .array/port v0x5b9e500e9410, 242;
E_0x5b9e500dc780/60 .event anyedge, v0x5b9e500e9410_239, v0x5b9e500e9410_240, v0x5b9e500e9410_241, v0x5b9e500e9410_242;
v0x5b9e500e9410_243 .array/port v0x5b9e500e9410, 243;
v0x5b9e500e9410_244 .array/port v0x5b9e500e9410, 244;
v0x5b9e500e9410_245 .array/port v0x5b9e500e9410, 245;
v0x5b9e500e9410_246 .array/port v0x5b9e500e9410, 246;
E_0x5b9e500dc780/61 .event anyedge, v0x5b9e500e9410_243, v0x5b9e500e9410_244, v0x5b9e500e9410_245, v0x5b9e500e9410_246;
v0x5b9e500e9410_247 .array/port v0x5b9e500e9410, 247;
v0x5b9e500e9410_248 .array/port v0x5b9e500e9410, 248;
v0x5b9e500e9410_249 .array/port v0x5b9e500e9410, 249;
v0x5b9e500e9410_250 .array/port v0x5b9e500e9410, 250;
E_0x5b9e500dc780/62 .event anyedge, v0x5b9e500e9410_247, v0x5b9e500e9410_248, v0x5b9e500e9410_249, v0x5b9e500e9410_250;
v0x5b9e500e9410_251 .array/port v0x5b9e500e9410, 251;
v0x5b9e500e9410_252 .array/port v0x5b9e500e9410, 252;
v0x5b9e500e9410_253 .array/port v0x5b9e500e9410, 253;
v0x5b9e500e9410_254 .array/port v0x5b9e500e9410, 254;
E_0x5b9e500dc780/63 .event anyedge, v0x5b9e500e9410_251, v0x5b9e500e9410_252, v0x5b9e500e9410_253, v0x5b9e500e9410_254;
v0x5b9e500e9410_255 .array/port v0x5b9e500e9410, 255;
E_0x5b9e500dc780/64 .event anyedge, v0x5b9e500e9410_255;
E_0x5b9e500dc780 .event/or E_0x5b9e500dc780/0, E_0x5b9e500dc780/1, E_0x5b9e500dc780/2, E_0x5b9e500dc780/3, E_0x5b9e500dc780/4, E_0x5b9e500dc780/5, E_0x5b9e500dc780/6, E_0x5b9e500dc780/7, E_0x5b9e500dc780/8, E_0x5b9e500dc780/9, E_0x5b9e500dc780/10, E_0x5b9e500dc780/11, E_0x5b9e500dc780/12, E_0x5b9e500dc780/13, E_0x5b9e500dc780/14, E_0x5b9e500dc780/15, E_0x5b9e500dc780/16, E_0x5b9e500dc780/17, E_0x5b9e500dc780/18, E_0x5b9e500dc780/19, E_0x5b9e500dc780/20, E_0x5b9e500dc780/21, E_0x5b9e500dc780/22, E_0x5b9e500dc780/23, E_0x5b9e500dc780/24, E_0x5b9e500dc780/25, E_0x5b9e500dc780/26, E_0x5b9e500dc780/27, E_0x5b9e500dc780/28, E_0x5b9e500dc780/29, E_0x5b9e500dc780/30, E_0x5b9e500dc780/31, E_0x5b9e500dc780/32, E_0x5b9e500dc780/33, E_0x5b9e500dc780/34, E_0x5b9e500dc780/35, E_0x5b9e500dc780/36, E_0x5b9e500dc780/37, E_0x5b9e500dc780/38, E_0x5b9e500dc780/39, E_0x5b9e500dc780/40, E_0x5b9e500dc780/41, E_0x5b9e500dc780/42, E_0x5b9e500dc780/43, E_0x5b9e500dc780/44, E_0x5b9e500dc780/45, E_0x5b9e500dc780/46, E_0x5b9e500dc780/47, E_0x5b9e500dc780/48, E_0x5b9e500dc780/49, E_0x5b9e500dc780/50, E_0x5b9e500dc780/51, E_0x5b9e500dc780/52, E_0x5b9e500dc780/53, E_0x5b9e500dc780/54, E_0x5b9e500dc780/55, E_0x5b9e500dc780/56, E_0x5b9e500dc780/57, E_0x5b9e500dc780/58, E_0x5b9e500dc780/59, E_0x5b9e500dc780/60, E_0x5b9e500dc780/61, E_0x5b9e500dc780/62, E_0x5b9e500dc780/63, E_0x5b9e500dc780/64;
E_0x5b9e50124ca0/0 .event negedge, v0x5b9e500e8230_0;
E_0x5b9e50124ca0/1 .event posedge, v0x5b9e50122890_0;
E_0x5b9e50124ca0 .event/or E_0x5b9e50124ca0/0, E_0x5b9e50124ca0/1;
S_0x5b9e50144670 .scope module, "u_dma" "dma_ctrl" 4 34, 6 1 0, S_0x5b9e500f99a0;
 .timescale 0 0;
    .port_info 0 /INPUT 1 "clk";
    .port_info 1 /INPUT 1 "rst_n";
    .port_info 2 /INPUT 1 "start";
    .port_info 3 /INPUT 8 "len";
    .port_info 4 /OUTPUT 8 "addr";
    .port_info 5 /OUTPUT 1 "ready";
    .port_info 6 /OUTPUT 1 "done";
v0x5b9e501448d0_0 .var "addr", 7 0;
v0x5b9e50144990_0 .net "clk", 0 0, v0x5b9e5014ab60_0;  alias, 1 drivers
v0x5b9e50144a30_0 .var "count", 7 0;
v0x5b9e50144ad0_0 .var "done", 0 0;
v0x5b9e50144b70_0 .net "len", 7 0, v0x5b9e5014ac00_0;  alias, 1 drivers
v0x5b9e50144ca0_0 .var "ready", 0 0;
v0x5b9e50144d60_0 .net "rst_n", 0 0, v0x5b9e5014ae80_0;  alias, 1 drivers
v0x5b9e50144e00_0 .net "start", 0 0, v0x5b9e5014af20_0;  alias, 1 drivers
S_0x5b9e50144fc0 .scope module, "u_mac" "mac_unit" 4 64, 7 1 0, S_0x5b9e500f99a0;
 .timescale 0 0;
    .port_info 0 /INPUT 1 "clk";
    .port_info 1 /INPUT 1 "rst_n";
    .port_info 2 /INPUT 8 "a";
    .port_info 3 /INPUT 8 "b";
    .port_info 4 /INPUT 1 "accum_en";
    .port_info 5 /INPUT 1 "clear_acc";
    .port_info 6 /OUTPUT 16 "acc";
v0x5b9e50145250_0 .net "a", 7 0, v0x5b9e5011f570_0;  alias, 1 drivers
v0x5b9e50145310_0 .var "acc", 15 0;
v0x5b9e501453d0_0 .net "accum_en", 0 0, v0x5b9e501497d0_0;  1 drivers
v0x5b9e50145470_0 .net "b", 7 0, v0x5b9e50148fc0_0;  alias, 1 drivers
v0x5b9e50145550_0 .net "clear_acc", 0 0, v0x5b9e50149990_0;  1 drivers
v0x5b9e50145660_0 .net "clk", 0 0, v0x5b9e5014ab60_0;  alias, 1 drivers
v0x5b9e50145750_0 .net "rst_n", 0 0, v0x5b9e5014ae80_0;  alias, 1 drivers
S_0x5b9e50145960 .scope module, "u_weight_buf" "cache_buffer" 4 44, 5 1 0, S_0x5b9e500f99a0;
 .timescale 0 0;
    .port_info 0 /INPUT 1 "clk";
    .port_info 1 /INPUT 1 "rst_n";
    .port_info 2 /INPUT 8 "write_addr";
    .port_info 3 /INPUT 8 "write_data";
    .port_info 4 /INPUT 1 "write_en";
    .port_info 5 /INPUT 8 "read_addr";
    .port_info 6 /OUTPUT 8 "read_data";
v0x5b9e50146460_0 .net "clk", 0 0, v0x5b9e5014ab60_0;  alias, 1 drivers
v0x5b9e50146520_0 .var/i "i", 31 0;
v0x5b9e50146600 .array "mem", 255 0, 7 0;
v0x5b9e50148eb0_0 .net "read_addr", 7 0, v0x5b9e501448d0_0;  alias, 1 drivers
v0x5b9e50148fc0_0 .var "read_data", 7 0;
v0x5b9e501490d0_0 .net "rst_n", 0 0, v0x5b9e5014ae80_0;  alias, 1 drivers
v0x5b9e50149170_0 .net "write_addr", 7 0, v0x5b9e5014afc0_0;  alias, 1 drivers
v0x5b9e50149230_0 .net "write_data", 7 0, v0x5b9e5014b0b0_0;  alias, 1 drivers
v0x5b9e50149310_0 .net "write_en", 0 0, v0x5b9e5014b1c0_0;  alias, 1 drivers
v0x5b9e50146600_0 .array/port v0x5b9e50146600, 0;
v0x5b9e50146600_1 .array/port v0x5b9e50146600, 1;
v0x5b9e50146600_2 .array/port v0x5b9e50146600, 2;
E_0x5b9e50145bf0/0 .event anyedge, v0x5b9e5011f4d0_0, v0x5b9e50146600_0, v0x5b9e50146600_1, v0x5b9e50146600_2;
v0x5b9e50146600_3 .array/port v0x5b9e50146600, 3;
v0x5b9e50146600_4 .array/port v0x5b9e50146600, 4;
v0x5b9e50146600_5 .array/port v0x5b9e50146600, 5;
v0x5b9e50146600_6 .array/port v0x5b9e50146600, 6;
E_0x5b9e50145bf0/1 .event anyedge, v0x5b9e50146600_3, v0x5b9e50146600_4, v0x5b9e50146600_5, v0x5b9e50146600_6;
v0x5b9e50146600_7 .array/port v0x5b9e50146600, 7;
v0x5b9e50146600_8 .array/port v0x5b9e50146600, 8;
v0x5b9e50146600_9 .array/port v0x5b9e50146600, 9;
v0x5b9e50146600_10 .array/port v0x5b9e50146600, 10;
E_0x5b9e50145bf0/2 .event anyedge, v0x5b9e50146600_7, v0x5b9e50146600_8, v0x5b9e50146600_9, v0x5b9e50146600_10;
v0x5b9e50146600_11 .array/port v0x5b9e50146600, 11;
v0x5b9e50146600_12 .array/port v0x5b9e50146600, 12;
v0x5b9e50146600_13 .array/port v0x5b9e50146600, 13;
v0x5b9e50146600_14 .array/port v0x5b9e50146600, 14;
E_0x5b9e50145bf0/3 .event anyedge, v0x5b9e50146600_11, v0x5b9e50146600_12, v0x5b9e50146600_13, v0x5b9e50146600_14;
v0x5b9e50146600_15 .array/port v0x5b9e50146600, 15;
v0x5b9e50146600_16 .array/port v0x5b9e50146600, 16;
v0x5b9e50146600_17 .array/port v0x5b9e50146600, 17;
v0x5b9e50146600_18 .array/port v0x5b9e50146600, 18;
E_0x5b9e50145bf0/4 .event anyedge, v0x5b9e50146600_15, v0x5b9e50146600_16, v0x5b9e50146600_17, v0x5b9e50146600_18;
v0x5b9e50146600_19 .array/port v0x5b9e50146600, 19;
v0x5b9e50146600_20 .array/port v0x5b9e50146600, 20;
v0x5b9e50146600_21 .array/port v0x5b9e50146600, 21;
v0x5b9e50146600_22 .array/port v0x5b9e50146600, 22;
E_0x5b9e50145bf0/5 .event anyedge, v0x5b9e50146600_19, v0x5b9e50146600_20, v0x5b9e50146600_21, v0x5b9e50146600_22;
v0x5b9e50146600_23 .array/port v0x5b9e50146600, 23;
v0x5b9e50146600_24 .array/port v0x5b9e50146600, 24;
v0x5b9e50146600_25 .array/port v0x5b9e50146600, 25;
v0x5b9e50146600_26 .array/port v0x5b9e50146600, 26;
E_0x5b9e50145bf0/6 .event anyedge, v0x5b9e50146600_23, v0x5b9e50146600_24, v0x5b9e50146600_25, v0x5b9e50146600_26;
v0x5b9e50146600_27 .array/port v0x5b9e50146600, 27;
v0x5b9e50146600_28 .array/port v0x5b9e50146600, 28;
v0x5b9e50146600_29 .array/port v0x5b9e50146600, 29;
v0x5b9e50146600_30 .array/port v0x5b9e50146600, 30;
E_0x5b9e50145bf0/7 .event anyedge, v0x5b9e50146600_27, v0x5b9e50146600_28, v0x5b9e50146600_29, v0x5b9e50146600_30;
v0x5b9e50146600_31 .array/port v0x5b9e50146600, 31;
v0x5b9e50146600_32 .array/port v0x5b9e50146600, 32;
v0x5b9e50146600_33 .array/port v0x5b9e50146600, 33;
v0x5b9e50146600_34 .array/port v0x5b9e50146600, 34;
E_0x5b9e50145bf0/8 .event anyedge, v0x5b9e50146600_31, v0x5b9e50146600_32, v0x5b9e50146600_33, v0x5b9e50146600_34;
v0x5b9e50146600_35 .array/port v0x5b9e50146600, 35;
v0x5b9e50146600_36 .array/port v0x5b9e50146600, 36;
v0x5b9e50146600_37 .array/port v0x5b9e50146600, 37;
v0x5b9e50146600_38 .array/port v0x5b9e50146600, 38;
E_0x5b9e50145bf0/9 .event anyedge, v0x5b9e50146600_35, v0x5b9e50146600_36, v0x5b9e50146600_37, v0x5b9e50146600_38;
v0x5b9e50146600_39 .array/port v0x5b9e50146600, 39;
v0x5b9e50146600_40 .array/port v0x5b9e50146600, 40;
v0x5b9e50146600_41 .array/port v0x5b9e50146600, 41;
v0x5b9e50146600_42 .array/port v0x5b9e50146600, 42;
E_0x5b9e50145bf0/10 .event anyedge, v0x5b9e50146600_39, v0x5b9e50146600_40, v0x5b9e50146600_41, v0x5b9e50146600_42;
v0x5b9e50146600_43 .array/port v0x5b9e50146600, 43;
v0x5b9e50146600_44 .array/port v0x5b9e50146600, 44;
v0x5b9e50146600_45 .array/port v0x5b9e50146600, 45;
v0x5b9e50146600_46 .array/port v0x5b9e50146600, 46;
E_0x5b9e50145bf0/11 .event anyedge, v0x5b9e50146600_43, v0x5b9e50146600_44, v0x5b9e50146600_45, v0x5b9e50146600_46;
v0x5b9e50146600_47 .array/port v0x5b9e50146600, 47;
v0x5b9e50146600_48 .array/port v0x5b9e50146600, 48;
v0x5b9e50146600_49 .array/port v0x5b9e50146600, 49;
v0x5b9e50146600_50 .array/port v0x5b9e50146600, 50;
E_0x5b9e50145bf0/12 .event anyedge, v0x5b9e50146600_47, v0x5b9e50146600_48, v0x5b9e50146600_49, v0x5b9e50146600_50;
v0x5b9e50146600_51 .array/port v0x5b9e50146600, 51;
v0x5b9e50146600_52 .array/port v0x5b9e50146600, 52;
v0x5b9e50146600_53 .array/port v0x5b9e50146600, 53;
v0x5b9e50146600_54 .array/port v0x5b9e50146600, 54;
E_0x5b9e50145bf0/13 .event anyedge, v0x5b9e50146600_51, v0x5b9e50146600_52, v0x5b9e50146600_53, v0x5b9e50146600_54;
v0x5b9e50146600_55 .array/port v0x5b9e50146600, 55;
v0x5b9e50146600_56 .array/port v0x5b9e50146600, 56;
v0x5b9e50146600_57 .array/port v0x5b9e50146600, 57;
v0x5b9e50146600_58 .array/port v0x5b9e50146600, 58;
E_0x5b9e50145bf0/14 .event anyedge, v0x5b9e50146600_55, v0x5b9e50146600_56, v0x5b9e50146600_57, v0x5b9e50146600_58;
v0x5b9e50146600_59 .array/port v0x5b9e50146600, 59;
v0x5b9e50146600_60 .array/port v0x5b9e50146600, 60;
v0x5b9e50146600_61 .array/port v0x5b9e50146600, 61;
v0x5b9e50146600_62 .array/port v0x5b9e50146600, 62;
E_0x5b9e50145bf0/15 .event anyedge, v0x5b9e50146600_59, v0x5b9e50146600_60, v0x5b9e50146600_61, v0x5b9e50146600_62;
v0x5b9e50146600_63 .array/port v0x5b9e50146600, 63;
v0x5b9e50146600_64 .array/port v0x5b9e50146600, 64;
v0x5b9e50146600_65 .array/port v0x5b9e50146600, 65;
v0x5b9e50146600_66 .array/port v0x5b9e50146600, 66;
E_0x5b9e50145bf0/16 .event anyedge, v0x5b9e50146600_63, v0x5b9e50146600_64, v0x5b9e50146600_65, v0x5b9e50146600_66;
v0x5b9e50146600_67 .array/port v0x5b9e50146600, 67;
v0x5b9e50146600_68 .array/port v0x5b9e50146600, 68;
v0x5b9e50146600_69 .array/port v0x5b9e50146600, 69;
v0x5b9e50146600_70 .array/port v0x5b9e50146600, 70;
E_0x5b9e50145bf0/17 .event anyedge, v0x5b9e50146600_67, v0x5b9e50146600_68, v0x5b9e50146600_69, v0x5b9e50146600_70;
v0x5b9e50146600_71 .array/port v0x5b9e50146600, 71;
v0x5b9e50146600_72 .array/port v0x5b9e50146600, 72;
v0x5b9e50146600_73 .array/port v0x5b9e50146600, 73;
v0x5b9e50146600_74 .array/port v0x5b9e50146600, 74;
E_0x5b9e50145bf0/18 .event anyedge, v0x5b9e50146600_71, v0x5b9e50146600_72, v0x5b9e50146600_73, v0x5b9e50146600_74;
v0x5b9e50146600_75 .array/port v0x5b9e50146600, 75;
v0x5b9e50146600_76 .array/port v0x5b9e50146600, 76;
v0x5b9e50146600_77 .array/port v0x5b9e50146600, 77;
v0x5b9e50146600_78 .array/port v0x5b9e50146600, 78;
E_0x5b9e50145bf0/19 .event anyedge, v0x5b9e50146600_75, v0x5b9e50146600_76, v0x5b9e50146600_77, v0x5b9e50146600_78;
v0x5b9e50146600_79 .array/port v0x5b9e50146600, 79;
v0x5b9e50146600_80 .array/port v0x5b9e50146600, 80;
v0x5b9e50146600_81 .array/port v0x5b9e50146600, 81;
v0x5b9e50146600_82 .array/port v0x5b9e50146600, 82;
E_0x5b9e50145bf0/20 .event anyedge, v0x5b9e50146600_79, v0x5b9e50146600_80, v0x5b9e50146600_81, v0x5b9e50146600_82;
v0x5b9e50146600_83 .array/port v0x5b9e50146600, 83;
v0x5b9e50146600_84 .array/port v0x5b9e50146600, 84;
v0x5b9e50146600_85 .array/port v0x5b9e50146600, 85;
v0x5b9e50146600_86 .array/port v0x5b9e50146600, 86;
E_0x5b9e50145bf0/21 .event anyedge, v0x5b9e50146600_83, v0x5b9e50146600_84, v0x5b9e50146600_85, v0x5b9e50146600_86;
v0x5b9e50146600_87 .array/port v0x5b9e50146600, 87;
v0x5b9e50146600_88 .array/port v0x5b9e50146600, 88;
v0x5b9e50146600_89 .array/port v0x5b9e50146600, 89;
v0x5b9e50146600_90 .array/port v0x5b9e50146600, 90;
E_0x5b9e50145bf0/22 .event anyedge, v0x5b9e50146600_87, v0x5b9e50146600_88, v0x5b9e50146600_89, v0x5b9e50146600_90;
v0x5b9e50146600_91 .array/port v0x5b9e50146600, 91;
v0x5b9e50146600_92 .array/port v0x5b9e50146600, 92;
v0x5b9e50146600_93 .array/port v0x5b9e50146600, 93;
v0x5b9e50146600_94 .array/port v0x5b9e50146600, 94;
E_0x5b9e50145bf0/23 .event anyedge, v0x5b9e50146600_91, v0x5b9e50146600_92, v0x5b9e50146600_93, v0x5b9e50146600_94;
v0x5b9e50146600_95 .array/port v0x5b9e50146600, 95;
v0x5b9e50146600_96 .array/port v0x5b9e50146600, 96;
v0x5b9e50146600_97 .array/port v0x5b9e50146600, 97;
v0x5b9e50146600_98 .array/port v0x5b9e50146600, 98;
E_0x5b9e50145bf0/24 .event anyedge, v0x5b9e50146600_95, v0x5b9e50146600_96, v0x5b9e50146600_97, v0x5b9e50146600_98;
v0x5b9e50146600_99 .array/port v0x5b9e50146600, 99;
v0x5b9e50146600_100 .array/port v0x5b9e50146600, 100;
v0x5b9e50146600_101 .array/port v0x5b9e50146600, 101;
v0x5b9e50146600_102 .array/port v0x5b9e50146600, 102;
E_0x5b9e50145bf0/25 .event anyedge, v0x5b9e50146600_99, v0x5b9e50146600_100, v0x5b9e50146600_101, v0x5b9e50146600_102;
v0x5b9e50146600_103 .array/port v0x5b9e50146600, 103;
v0x5b9e50146600_104 .array/port v0x5b9e50146600, 104;
v0x5b9e50146600_105 .array/port v0x5b9e50146600, 105;
v0x5b9e50146600_106 .array/port v0x5b9e50146600, 106;
E_0x5b9e50145bf0/26 .event anyedge, v0x5b9e50146600_103, v0x5b9e50146600_104, v0x5b9e50146600_105, v0x5b9e50146600_106;
v0x5b9e50146600_107 .array/port v0x5b9e50146600, 107;
v0x5b9e50146600_108 .array/port v0x5b9e50146600, 108;
v0x5b9e50146600_109 .array/port v0x5b9e50146600, 109;
v0x5b9e50146600_110 .array/port v0x5b9e50146600, 110;
E_0x5b9e50145bf0/27 .event anyedge, v0x5b9e50146600_107, v0x5b9e50146600_108, v0x5b9e50146600_109, v0x5b9e50146600_110;
v0x5b9e50146600_111 .array/port v0x5b9e50146600, 111;
v0x5b9e50146600_112 .array/port v0x5b9e50146600, 112;
v0x5b9e50146600_113 .array/port v0x5b9e50146600, 113;
v0x5b9e50146600_114 .array/port v0x5b9e50146600, 114;
E_0x5b9e50145bf0/28 .event anyedge, v0x5b9e50146600_111, v0x5b9e50146600_112, v0x5b9e50146600_113, v0x5b9e50146600_114;
v0x5b9e50146600_115 .array/port v0x5b9e50146600, 115;
v0x5b9e50146600_116 .array/port v0x5b9e50146600, 116;
v0x5b9e50146600_117 .array/port v0x5b9e50146600, 117;
v0x5b9e50146600_118 .array/port v0x5b9e50146600, 118;
E_0x5b9e50145bf0/29 .event anyedge, v0x5b9e50146600_115, v0x5b9e50146600_116, v0x5b9e50146600_117, v0x5b9e50146600_118;
v0x5b9e50146600_119 .array/port v0x5b9e50146600, 119;
v0x5b9e50146600_120 .array/port v0x5b9e50146600, 120;
v0x5b9e50146600_121 .array/port v0x5b9e50146600, 121;
v0x5b9e50146600_122 .array/port v0x5b9e50146600, 122;
E_0x5b9e50145bf0/30 .event anyedge, v0x5b9e50146600_119, v0x5b9e50146600_120, v0x5b9e50146600_121, v0x5b9e50146600_122;
v0x5b9e50146600_123 .array/port v0x5b9e50146600, 123;
v0x5b9e50146600_124 .array/port v0x5b9e50146600, 124;
v0x5b9e50146600_125 .array/port v0x5b9e50146600, 125;
v0x5b9e50146600_126 .array/port v0x5b9e50146600, 126;
E_0x5b9e50145bf0/31 .event anyedge, v0x5b9e50146600_123, v0x5b9e50146600_124, v0x5b9e50146600_125, v0x5b9e50146600_126;
v0x5b9e50146600_127 .array/port v0x5b9e50146600, 127;
v0x5b9e50146600_128 .array/port v0x5b9e50146600, 128;
v0x5b9e50146600_129 .array/port v0x5b9e50146600, 129;
v0x5b9e50146600_130 .array/port v0x5b9e50146600, 130;
E_0x5b9e50145bf0/32 .event anyedge, v0x5b9e50146600_127, v0x5b9e50146600_128, v0x5b9e50146600_129, v0x5b9e50146600_130;
v0x5b9e50146600_131 .array/port v0x5b9e50146600, 131;
v0x5b9e50146600_132 .array/port v0x5b9e50146600, 132;
v0x5b9e50146600_133 .array/port v0x5b9e50146600, 133;
v0x5b9e50146600_134 .array/port v0x5b9e50146600, 134;
E_0x5b9e50145bf0/33 .event anyedge, v0x5b9e50146600_131, v0x5b9e50146600_132, v0x5b9e50146600_133, v0x5b9e50146600_134;
v0x5b9e50146600_135 .array/port v0x5b9e50146600, 135;
v0x5b9e50146600_136 .array/port v0x5b9e50146600, 136;
v0x5b9e50146600_137 .array/port v0x5b9e50146600, 137;
v0x5b9e50146600_138 .array/port v0x5b9e50146600, 138;
E_0x5b9e50145bf0/34 .event anyedge, v0x5b9e50146600_135, v0x5b9e50146600_136, v0x5b9e50146600_137, v0x5b9e50146600_138;
v0x5b9e50146600_139 .array/port v0x5b9e50146600, 139;
v0x5b9e50146600_140 .array/port v0x5b9e50146600, 140;
v0x5b9e50146600_141 .array/port v0x5b9e50146600, 141;
v0x5b9e50146600_142 .array/port v0x5b9e50146600, 142;
E_0x5b9e50145bf0/35 .event anyedge, v0x5b9e50146600_139, v0x5b9e50146600_140, v0x5b9e50146600_141, v0x5b9e50146600_142;
v0x5b9e50146600_143 .array/port v0x5b9e50146600, 143;
v0x5b9e50146600_144 .array/port v0x5b9e50146600, 144;
v0x5b9e50146600_145 .array/port v0x5b9e50146600, 145;
v0x5b9e50146600_146 .array/port v0x5b9e50146600, 146;
E_0x5b9e50145bf0/36 .event anyedge, v0x5b9e50146600_143, v0x5b9e50146600_144, v0x5b9e50146600_145, v0x5b9e50146600_146;
v0x5b9e50146600_147 .array/port v0x5b9e50146600, 147;
v0x5b9e50146600_148 .array/port v0x5b9e50146600, 148;
v0x5b9e50146600_149 .array/port v0x5b9e50146600, 149;
v0x5b9e50146600_150 .array/port v0x5b9e50146600, 150;
E_0x5b9e50145bf0/37 .event anyedge, v0x5b9e50146600_147, v0x5b9e50146600_148, v0x5b9e50146600_149, v0x5b9e50146600_150;
v0x5b9e50146600_151 .array/port v0x5b9e50146600, 151;
v0x5b9e50146600_152 .array/port v0x5b9e50146600, 152;
v0x5b9e50146600_153 .array/port v0x5b9e50146600, 153;
v0x5b9e50146600_154 .array/port v0x5b9e50146600, 154;
E_0x5b9e50145bf0/38 .event anyedge, v0x5b9e50146600_151, v0x5b9e50146600_152, v0x5b9e50146600_153, v0x5b9e50146600_154;
v0x5b9e50146600_155 .array/port v0x5b9e50146600, 155;
v0x5b9e50146600_156 .array/port v0x5b9e50146600, 156;
v0x5b9e50146600_157 .array/port v0x5b9e50146600, 157;
v0x5b9e50146600_158 .array/port v0x5b9e50146600, 158;
E_0x5b9e50145bf0/39 .event anyedge, v0x5b9e50146600_155, v0x5b9e50146600_156, v0x5b9e50146600_157, v0x5b9e50146600_158;
v0x5b9e50146600_159 .array/port v0x5b9e50146600, 159;
v0x5b9e50146600_160 .array/port v0x5b9e50146600, 160;
v0x5b9e50146600_161 .array/port v0x5b9e50146600, 161;
v0x5b9e50146600_162 .array/port v0x5b9e50146600, 162;
E_0x5b9e50145bf0/40 .event anyedge, v0x5b9e50146600_159, v0x5b9e50146600_160, v0x5b9e50146600_161, v0x5b9e50146600_162;
v0x5b9e50146600_163 .array/port v0x5b9e50146600, 163;
v0x5b9e50146600_164 .array/port v0x5b9e50146600, 164;
v0x5b9e50146600_165 .array/port v0x5b9e50146600, 165;
v0x5b9e50146600_166 .array/port v0x5b9e50146600, 166;
E_0x5b9e50145bf0/41 .event anyedge, v0x5b9e50146600_163, v0x5b9e50146600_164, v0x5b9e50146600_165, v0x5b9e50146600_166;
v0x5b9e50146600_167 .array/port v0x5b9e50146600, 167;
v0x5b9e50146600_168 .array/port v0x5b9e50146600, 168;
v0x5b9e50146600_169 .array/port v0x5b9e50146600, 169;
v0x5b9e50146600_170 .array/port v0x5b9e50146600, 170;
E_0x5b9e50145bf0/42 .event anyedge, v0x5b9e50146600_167, v0x5b9e50146600_168, v0x5b9e50146600_169, v0x5b9e50146600_170;
v0x5b9e50146600_171 .array/port v0x5b9e50146600, 171;
v0x5b9e50146600_172 .array/port v0x5b9e50146600, 172;
v0x5b9e50146600_173 .array/port v0x5b9e50146600, 173;
v0x5b9e50146600_174 .array/port v0x5b9e50146600, 174;
E_0x5b9e50145bf0/43 .event anyedge, v0x5b9e50146600_171, v0x5b9e50146600_172, v0x5b9e50146600_173, v0x5b9e50146600_174;
v0x5b9e50146600_175 .array/port v0x5b9e50146600, 175;
v0x5b9e50146600_176 .array/port v0x5b9e50146600, 176;
v0x5b9e50146600_177 .array/port v0x5b9e50146600, 177;
v0x5b9e50146600_178 .array/port v0x5b9e50146600, 178;
E_0x5b9e50145bf0/44 .event anyedge, v0x5b9e50146600_175, v0x5b9e50146600_176, v0x5b9e50146600_177, v0x5b9e50146600_178;
v0x5b9e50146600_179 .array/port v0x5b9e50146600, 179;
v0x5b9e50146600_180 .array/port v0x5b9e50146600, 180;
v0x5b9e50146600_181 .array/port v0x5b9e50146600, 181;
v0x5b9e50146600_182 .array/port v0x5b9e50146600, 182;
E_0x5b9e50145bf0/45 .event anyedge, v0x5b9e50146600_179, v0x5b9e50146600_180, v0x5b9e50146600_181, v0x5b9e50146600_182;
v0x5b9e50146600_183 .array/port v0x5b9e50146600, 183;
v0x5b9e50146600_184 .array/port v0x5b9e50146600, 184;
v0x5b9e50146600_185 .array/port v0x5b9e50146600, 185;
v0x5b9e50146600_186 .array/port v0x5b9e50146600, 186;
E_0x5b9e50145bf0/46 .event anyedge, v0x5b9e50146600_183, v0x5b9e50146600_184, v0x5b9e50146600_185, v0x5b9e50146600_186;
v0x5b9e50146600_187 .array/port v0x5b9e50146600, 187;
v0x5b9e50146600_188 .array/port v0x5b9e50146600, 188;
v0x5b9e50146600_189 .array/port v0x5b9e50146600, 189;
v0x5b9e50146600_190 .array/port v0x5b9e50146600, 190;
E_0x5b9e50145bf0/47 .event anyedge, v0x5b9e50146600_187, v0x5b9e50146600_188, v0x5b9e50146600_189, v0x5b9e50146600_190;
v0x5b9e50146600_191 .array/port v0x5b9e50146600, 191;
v0x5b9e50146600_192 .array/port v0x5b9e50146600, 192;
v0x5b9e50146600_193 .array/port v0x5b9e50146600, 193;
v0x5b9e50146600_194 .array/port v0x5b9e50146600, 194;
E_0x5b9e50145bf0/48 .event anyedge, v0x5b9e50146600_191, v0x5b9e50146600_192, v0x5b9e50146600_193, v0x5b9e50146600_194;
v0x5b9e50146600_195 .array/port v0x5b9e50146600, 195;
v0x5b9e50146600_196 .array/port v0x5b9e50146600, 196;
v0x5b9e50146600_197 .array/port v0x5b9e50146600, 197;
v0x5b9e50146600_198 .array/port v0x5b9e50146600, 198;
E_0x5b9e50145bf0/49 .event anyedge, v0x5b9e50146600_195, v0x5b9e50146600_196, v0x5b9e50146600_197, v0x5b9e50146600_198;
v0x5b9e50146600_199 .array/port v0x5b9e50146600, 199;
v0x5b9e50146600_200 .array/port v0x5b9e50146600, 200;
v0x5b9e50146600_201 .array/port v0x5b9e50146600, 201;
v0x5b9e50146600_202 .array/port v0x5b9e50146600, 202;
E_0x5b9e50145bf0/50 .event anyedge, v0x5b9e50146600_199, v0x5b9e50146600_200, v0x5b9e50146600_201, v0x5b9e50146600_202;
v0x5b9e50146600_203 .array/port v0x5b9e50146600, 203;
v0x5b9e50146600_204 .array/port v0x5b9e50146600, 204;
v0x5b9e50146600_205 .array/port v0x5b9e50146600, 205;
v0x5b9e50146600_206 .array/port v0x5b9e50146600, 206;
E_0x5b9e50145bf0/51 .event anyedge, v0x5b9e50146600_203, v0x5b9e50146600_204, v0x5b9e50146600_205, v0x5b9e50146600_206;
v0x5b9e50146600_207 .array/port v0x5b9e50146600, 207;
v0x5b9e50146600_208 .array/port v0x5b9e50146600, 208;
v0x5b9e50146600_209 .array/port v0x5b9e50146600, 209;
v0x5b9e50146600_210 .array/port v0x5b9e50146600, 210;
E_0x5b9e50145bf0/52 .event anyedge, v0x5b9e50146600_207, v0x5b9e50146600_208, v0x5b9e50146600_209, v0x5b9e50146600_210;
v0x5b9e50146600_211 .array/port v0x5b9e50146600, 211;
v0x5b9e50146600_212 .array/port v0x5b9e50146600, 212;
v0x5b9e50146600_213 .array/port v0x5b9e50146600, 213;
v0x5b9e50146600_214 .array/port v0x5b9e50146600, 214;
E_0x5b9e50145bf0/53 .event anyedge, v0x5b9e50146600_211, v0x5b9e50146600_212, v0x5b9e50146600_213, v0x5b9e50146600_214;
v0x5b9e50146600_215 .array/port v0x5b9e50146600, 215;
v0x5b9e50146600_216 .array/port v0x5b9e50146600, 216;
v0x5b9e50146600_217 .array/port v0x5b9e50146600, 217;
v0x5b9e50146600_218 .array/port v0x5b9e50146600, 218;
E_0x5b9e50145bf0/54 .event anyedge, v0x5b9e50146600_215, v0x5b9e50146600_216, v0x5b9e50146600_217, v0x5b9e50146600_218;
v0x5b9e50146600_219 .array/port v0x5b9e50146600, 219;
v0x5b9e50146600_220 .array/port v0x5b9e50146600, 220;
v0x5b9e50146600_221 .array/port v0x5b9e50146600, 221;
v0x5b9e50146600_222 .array/port v0x5b9e50146600, 222;
E_0x5b9e50145bf0/55 .event anyedge, v0x5b9e50146600_219, v0x5b9e50146600_220, v0x5b9e50146600_221, v0x5b9e50146600_222;
v0x5b9e50146600_223 .array/port v0x5b9e50146600, 223;
v0x5b9e50146600_224 .array/port v0x5b9e50146600, 224;
v0x5b9e50146600_225 .array/port v0x5b9e50146600, 225;
v0x5b9e50146600_226 .array/port v0x5b9e50146600, 226;
E_0x5b9e50145bf0/56 .event anyedge, v0x5b9e50146600_223, v0x5b9e50146600_224, v0x5b9e50146600_225, v0x5b9e50146600_226;
v0x5b9e50146600_227 .array/port v0x5b9e50146600, 227;
v0x5b9e50146600_228 .array/port v0x5b9e50146600, 228;
v0x5b9e50146600_229 .array/port v0x5b9e50146600, 229;
v0x5b9e50146600_230 .array/port v0x5b9e50146600, 230;
E_0x5b9e50145bf0/57 .event anyedge, v0x5b9e50146600_227, v0x5b9e50146600_228, v0x5b9e50146600_229, v0x5b9e50146600_230;
v0x5b9e50146600_231 .array/port v0x5b9e50146600, 231;
v0x5b9e50146600_232 .array/port v0x5b9e50146600, 232;
v0x5b9e50146600_233 .array/port v0x5b9e50146600, 233;
v0x5b9e50146600_234 .array/port v0x5b9e50146600, 234;
E_0x5b9e50145bf0/58 .event anyedge, v0x5b9e50146600_231, v0x5b9e50146600_232, v0x5b9e50146600_233, v0x5b9e50146600_234;
v0x5b9e50146600_235 .array/port v0x5b9e50146600, 235;
v0x5b9e50146600_236 .array/port v0x5b9e50146600, 236;
v0x5b9e50146600_237 .array/port v0x5b9e50146600, 237;
v0x5b9e50146600_238 .array/port v0x5b9e50146600, 238;
E_0x5b9e50145bf0/59 .event anyedge, v0x5b9e50146600_235, v0x5b9e50146600_236, v0x5b9e50146600_237, v0x5b9e50146600_238;
v0x5b9e50146600_239 .array/port v0x5b9e50146600, 239;
v0x5b9e50146600_240 .array/port v0x5b9e50146600, 240;
v0x5b9e50146600_241 .array/port v0x5b9e50146600, 241;
v0x5b9e50146600_242 .array/port v0x5b9e50146600, 242;
E_0x5b9e50145bf0/60 .event anyedge, v0x5b9e50146600_239, v0x5b9e50146600_240, v0x5b9e50146600_241, v0x5b9e50146600_242;
v0x5b9e50146600_243 .array/port v0x5b9e50146600, 243;
v0x5b9e50146600_244 .array/port v0x5b9e50146600, 244;
v0x5b9e50146600_245 .array/port v0x5b9e50146600, 245;
v0x5b9e50146600_246 .array/port v0x5b9e50146600, 246;
E_0x5b9e50145bf0/61 .event anyedge, v0x5b9e50146600_243, v0x5b9e50146600_244, v0x5b9e50146600_245, v0x5b9e50146600_246;
v0x5b9e50146600_247 .array/port v0x5b9e50146600, 247;
v0x5b9e50146600_248 .array/port v0x5b9e50146600, 248;
v0x5b9e50146600_249 .array/port v0x5b9e50146600, 249;
v0x5b9e50146600_250 .array/port v0x5b9e50146600, 250;
E_0x5b9e50145bf0/62 .event anyedge, v0x5b9e50146600_247, v0x5b9e50146600_248, v0x5b9e50146600_249, v0x5b9e50146600_250;
v0x5b9e50146600_251 .array/port v0x5b9e50146600, 251;
v0x5b9e50146600_252 .array/port v0x5b9e50146600, 252;
v0x5b9e50146600_253 .array/port v0x5b9e50146600, 253;
v0x5b9e50146600_254 .array/port v0x5b9e50146600, 254;
E_0x5b9e50145bf0/63 .event anyedge, v0x5b9e50146600_251, v0x5b9e50146600_252, v0x5b9e50146600_253, v0x5b9e50146600_254;
v0x5b9e50146600_255 .array/port v0x5b9e50146600, 255;
E_0x5b9e50145bf0/64 .event anyedge, v0x5b9e50146600_255;
E_0x5b9e50145bf0 .event/or E_0x5b9e50145bf0/0, E_0x5b9e50145bf0/1, E_0x5b9e50145bf0/2, E_0x5b9e50145bf0/3, E_0x5b9e50145bf0/4, E_0x5b9e50145bf0/5, E_0x5b9e50145bf0/6, E_0x5b9e50145bf0/7, E_0x5b9e50145bf0/8, E_0x5b9e50145bf0/9, E_0x5b9e50145bf0/10, E_0x5b9e50145bf0/11, E_0x5b9e50145bf0/12, E_0x5b9e50145bf0/13, E_0x5b9e50145bf0/14, E_0x5b9e50145bf0/15, E_0x5b9e50145bf0/16, E_0x5b9e50145bf0/17, E_0x5b9e50145bf0/18, E_0x5b9e50145bf0/19, E_0x5b9e50145bf0/20, E_0x5b9e50145bf0/21, E_0x5b9e50145bf0/22, E_0x5b9e50145bf0/23, E_0x5b9e50145bf0/24, E_0x5b9e50145bf0/25, E_0x5b9e50145bf0/26, E_0x5b9e50145bf0/27, E_0x5b9e50145bf0/28, E_0x5b9e50145bf0/29, E_0x5b9e50145bf0/30, E_0x5b9e50145bf0/31, E_0x5b9e50145bf0/32, E_0x5b9e50145bf0/33, E_0x5b9e50145bf0/34, E_0x5b9e50145bf0/35, E_0x5b9e50145bf0/36, E_0x5b9e50145bf0/37, E_0x5b9e50145bf0/38, E_0x5b9e50145bf0/39, E_0x5b9e50145bf0/40, E_0x5b9e50145bf0/41, E_0x5b9e50145bf0/42, E_0x5b9e50145bf0/43, E_0x5b9e50145bf0/44, E_0x5b9e50145bf0/45, E_0x5b9e50145bf0/46, E_0x5b9e50145bf0/47, E_0x5b9e50145bf0/48, E_0x5b9e50145bf0/49, E_0x5b9e50145bf0/50, E_0x5b9e50145bf0/51, E_0x5b9e50145bf0/52, E_0x5b9e50145bf0/53, E_0x5b9e50145bf0/54, E_0x5b9e50145bf0/55, E_0x5b9e50145bf0/56, E_0x5b9e50145bf0/57, E_0x5b9e50145bf0/58, E_0x5b9e50145bf0/59, E_0x5b9e50145bf0/60, E_0x5b9e50145bf0/61, E_0x5b9e50145bf0/62, E_0x5b9e50145bf0/63, E_0x5b9e50145bf0/64;
    .scope S_0x5b9e50144670;
T_0 ;
    %wait E_0x5b9e50124ca0;
    %load/vec4 v0x5b9e50144d60_0;
    %nor/r;
    %flag_set/vec4 8;
    %jmp/0xz  T_0.0, 8;
    %pushi/vec4 0, 0, 8;
    %assign/vec4 v0x5b9e501448d0_0, 0;
    %pushi/vec4 0, 0, 8;
    %assign/vec4 v0x5b9e50144a30_0, 0;
    %pushi/vec4 1, 0, 1;
    %assign/vec4 v0x5b9e50144ca0_0, 0;
    %pushi/vec4 0, 0, 1;
    %assign/vec4 v0x5b9e50144ad0_0, 0;
    %jmp T_0.1;
T_0.0 ;
    %load/vec4 v0x5b9e50144e00_0;
    %flag_set/vec4 9;
    %flag_get/vec4 9;
    %jmp/0 T_0.4, 9;
    %load/vec4 v0x5b9e50144ca0_0;
    %and;
T_0.4;
    %flag_set/vec4 8;
    %jmp/0xz  T_0.2, 8;
    %pushi/vec4 0, 0, 8;
    %assign/vec4 v0x5b9e501448d0_0, 0;
    %pushi/vec4 0, 0, 8;
    %assign/vec4 v0x5b9e50144a30_0, 0;
    %pushi/vec4 0, 0, 1;
    %assign/vec4 v0x5b9e50144ca0_0, 0;
    %pushi/vec4 0, 0, 1;
    %assign/vec4 v0x5b9e50144ad0_0, 0;
    %jmp T_0.3;
T_0.2 ;
    %load/vec4 v0x5b9e50144ca0_0;
    %nor/r;
    %flag_set/vec4 8;
    %jmp/0xz  T_0.5, 8;
    %load/vec4 v0x5b9e50144a30_0;
    %load/vec4 v0x5b9e50144b70_0;
    %cmp/u;
    %jmp/0xz  T_0.7, 5;
    %load/vec4 v0x5b9e50144a30_0;
    %assign/vec4 v0x5b9e501448d0_0, 0;
    %load/vec4 v0x5b9e50144a30_0;
    %addi 1, 0, 8;
    %assign/vec4 v0x5b9e50144a30_0, 0;
    %jmp T_0.8;
T_0.7 ;
    %pushi/vec4 1, 0, 1;
    %assign/vec4 v0x5b9e50144ca0_0, 0;
    %pushi/vec4 1, 0, 1;
    %assign/vec4 v0x5b9e50144ad0_0, 0;
T_0.8 ;
T_0.5 ;
T_0.3 ;
T_0.1 ;
    %jmp T_0;
    .thread T_0;
    .scope S_0x5b9e50145960;
T_1 ;
    %wait E_0x5b9e50124ca0;
    %load/vec4 v0x5b9e501490d0_0;
    %nor/r;
    %flag_set/vec4 8;
    %jmp/0xz  T_1.0, 8;
    %pushi/vec4 0, 0, 32;
    %store/vec4 v0x5b9e50146520_0, 0, 32;
T_1.2 ;
    %load/vec4 v0x5b9e50146520_0;
    %cmpi/s 256, 0, 32;
    %jmp/0xz T_1.3, 5;
    %pushi/vec4 0, 0, 8;
    %ix/getv/s 3, v0x5b9e50146520_0;
    %ix/load 4, 0, 0; Constant delay
    %assign/vec4/a/d v0x5b9e50146600, 0, 4;
    %load/vec4 v0x5b9e50146520_0;
    %addi 1, 0, 32;
    %store/vec4 v0x5b9e50146520_0, 0, 32;
    %jmp T_1.2;
T_1.3 ;
    %jmp T_1.1;
T_1.0 ;
    %load/vec4 v0x5b9e50149310_0;
    %flag_set/vec4 8;
    %jmp/0xz  T_1.4, 8;
    %load/vec4 v0x5b9e50149230_0;
    %load/vec4 v0x5b9e50149170_0;
    %pad/u 10;
    %ix/vec4 3;
    %ix/load 4, 0, 0; Constant delay
    %assign/vec4/a/d v0x5b9e50146600, 0, 4;
T_1.4 ;
T_1.1 ;
    %jmp T_1;
    .thread T_1;
    .scope S_0x5b9e50145960;
T_2 ;
    %wait E_0x5b9e50145bf0;
    %load/vec4 v0x5b9e50148eb0_0;
    %pad/u 10;
    %ix/vec4 4;
    %load/vec4a v0x5b9e50146600, 4;
    %store/vec4 v0x5b9e50148fc0_0, 0, 8;
    %jmp T_2;
    .thread T_2, $push;
    .scope S_0x5b9e50108210;
T_3 ;
    %wait E_0x5b9e50124ca0;
    %load/vec4 v0x5b9e500e8230_0;
    %nor/r;
    %flag_set/vec4 8;
    %jmp/0xz  T_3.0, 8;
    %pushi/vec4 0, 0, 32;
    %store/vec4 v0x5b9e500e9370_0, 0, 32;
T_3.2 ;
    %load/vec4 v0x5b9e500e9370_0;
    %cmpi/s 256, 0, 32;
    %jmp/0xz T_3.3, 5;
    %pushi/vec4 0, 0, 8;
    %ix/getv/s 3, v0x5b9e500e9370_0;
    %ix/load 4, 0, 0; Constant delay
    %assign/vec4/a/d v0x5b9e500e9410, 0, 4;
    %load/vec4 v0x5b9e500e9370_0;
    %addi 1, 0, 32;
    %store/vec4 v0x5b9e500e9370_0, 0, 32;
    %jmp T_3.2;
T_3.3 ;
    %jmp T_3.1;
T_3.0 ;
    %load/vec4 v0x5b9e501444d0_0;
    %flag_set/vec4 8;
    %jmp/0xz  T_3.4, 8;
    %load/vec4 v0x5b9e501443f0_0;
    %load/vec4 v0x5b9e500e8300_0;
    %pad/u 10;
    %ix/vec4 3;
    %ix/load 4, 0, 0; Constant delay
    %assign/vec4/a/d v0x5b9e500e9410, 0, 4;
T_3.4 ;
T_3.1 ;
    %jmp T_3;
    .thread T_3;
    .scope S_0x5b9e50108210;
T_4 ;
    %wait E_0x5b9e500dc780;
    %load/vec4 v0x5b9e5011f4d0_0;
    %pad/u 10;
    %ix/vec4 4;
    %load/vec4a v0x5b9e500e9410, 4;
    %store/vec4 v0x5b9e5011f570_0, 0, 8;
    %jmp T_4;
    .thread T_4, $push;
    .scope S_0x5b9e50144fc0;
T_5 ;
    %wait E_0x5b9e50124ca0;
    %load/vec4 v0x5b9e50145750_0;
    %nor/r;
    %flag_set/vec4 8;
    %jmp/1 T_5.2, 8;
    %load/vec4 v0x5b9e50145550_0;
    %flag_set/vec4 9;
    %flag_or 8, 9;
T_5.2;
    %jmp/0xz  T_5.0, 8;
    %pushi/vec4 0, 0, 16;
    %assign/vec4 v0x5b9e50145310_0, 0;
    %jmp T_5.1;
T_5.0 ;
    %load/vec4 v0x5b9e501453d0_0;
    %flag_set/vec4 8;
    %jmp/0xz  T_5.3, 8;
    %load/vec4 v0x5b9e50145310_0;
    %load/vec4 v0x5b9e50145250_0;
    %pad/u 16;
    %load/vec4 v0x5b9e50145470_0;
    %pad/u 16;
    %mul;
    %add;
    %assign/vec4 v0x5b9e50145310_0, 0;
T_5.3 ;
T_5.1 ;
    %jmp T_5;
    .thread T_5;
    .scope S_0x5b9e500f99a0;
T_6 ;
    %wait E_0x5b9e50124ca0;
    %load/vec4 v0x5b9e5014a180_0;
    %nor/r;
    %flag_set/vec4 8;
    %jmp/0xz  T_6.0, 8;
    %pushi/vec4 0, 0, 2;
    %assign/vec4 v0x5b9e5014a380_0, 0;
    %pushi/vec4 0, 0, 8;
    %assign/vec4 v0x5b9e50149b60_0, 0;
    %pushi/vec4 0, 0, 1;
    %assign/vec4 v0x5b9e50149f70_0, 0;
    %pushi/vec4 1, 0, 1;
    %assign/vec4 v0x5b9e50149990_0, 0;
    %pushi/vec4 0, 0, 1;
    %assign/vec4 v0x5b9e501497d0_0, 0;
    %jmp T_6.1;
T_6.0 ;
    %load/vec4 v0x5b9e5014a380_0;
    %dup/vec4;
    %pushi/vec4 0, 0, 2;
    %cmp/u;
    %jmp/1 T_6.2, 6;
    %dup/vec4;
    %pushi/vec4 1, 0, 2;
    %cmp/u;
    %jmp/1 T_6.3, 6;
    %dup/vec4;
    %pushi/vec4 2, 0, 2;
    %cmp/u;
    %jmp/1 T_6.4, 6;
    %pushi/vec4 0, 0, 2;
    %assign/vec4 v0x5b9e5014a380_0, 0;
    %jmp T_6.6;
T_6.2 ;
    %pushi/vec4 0, 0, 1;
    %assign/vec4 v0x5b9e50149f70_0, 0;
    %pushi/vec4 0, 0, 16;
    %assign/vec4 v0x5b9e5014a0e0_0, 0;
    %pushi/vec4 1, 0, 1;
    %assign/vec4 v0x5b9e50149990_0, 0;
    %pushi/vec4 0, 0, 1;
    %assign/vec4 v0x5b9e501497d0_0, 0;
    %load/vec4 v0x5b9e5014a2b0_0;
    %flag_set/vec4 8;
    %jmp/0xz  T_6.7, 8;
    %pushi/vec4 0, 0, 8;
    %assign/vec4 v0x5b9e50149b60_0, 0;
    %pushi/vec4 1, 0, 2;
    %assign/vec4 v0x5b9e5014a380_0, 0;
T_6.7 ;
    %jmp T_6.6;
T_6.3 ;
    %pushi/vec4 0, 0, 1;
    %assign/vec4 v0x5b9e50149990_0, 0;
    %load/vec4 v0x5b9e50149b60_0;
    %load/vec4 v0x5b9e50149dd0_0;
    %cmp/u;
    %jmp/0xz  T_6.9, 5;
    %pushi/vec4 1, 0, 1;
    %assign/vec4 v0x5b9e501497d0_0, 0;
    %load/vec4 v0x5b9e50149b60_0;
    %addi 1, 0, 8;
    %assign/vec4 v0x5b9e50149b60_0, 0;
    %jmp T_6.10;
T_6.9 ;
    %pushi/vec4 0, 0, 1;
    %assign/vec4 v0x5b9e501497d0_0, 0;
    %pushi/vec4 1, 0, 1;
    %assign/vec4 v0x5b9e50149f70_0, 0;
    %load/vec4 v0x5b9e5014a010_0;
    %assign/vec4 v0x5b9e5014a0e0_0, 0;
    %pushi/vec4 2, 0, 2;
    %assign/vec4 v0x5b9e5014a380_0, 0;
T_6.10 ;
    %jmp T_6.6;
T_6.4 ;
    %pushi/vec4 1, 0, 1;
    %assign/vec4 v0x5b9e50149f70_0, 0;
    %load/vec4 v0x5b9e5014a010_0;
    %assign/vec4 v0x5b9e5014a0e0_0, 0;
    %load/vec4 v0x5b9e5014a2b0_0;
    %nor/r;
    %flag_set/vec4 8;
    %jmp/0xz  T_6.11, 8;
    %pushi/vec4 0, 0, 2;
    %assign/vec4 v0x5b9e5014a380_0, 0;
T_6.11 ;
    %jmp T_6.6;
T_6.6 ;
    %pop/vec4 1;
T_6.1 ;
    %jmp T_6;
    .thread T_6;
    .scope S_0x5b9e500b8620;
T_7 ;
    %delay 5000, 0;
    %load/vec4 v0x5b9e5014ab60_0;
    %inv;
    %store/vec4 v0x5b9e5014ab60_0, 0, 1;
    %jmp T_7;
    .thread T_7;
    .scope S_0x5b9e500b8620;
T_8 ;
    %vpi_call/w 3 35 "$monitor", "t=%0t clk=%b start=%b done=%b state=%0d count=%0d result=%0d", $time, v0x5b9e5014ab60_0, v0x5b9e5014af20_0, v0x5b9e5014ad40_0, v0x5b9e5014a380_0, v0x5b9e50149b60_0, v0x5b9e5014ade0_0 {0 0 0};
    %end;
    .thread T_8;
    .scope S_0x5b9e500b8620;
T_9 ;
    %pushi/vec4 0, 0, 1;
    %store/vec4 v0x5b9e5014ab60_0, 0, 1;
    %pushi/vec4 0, 0, 1;
    %store/vec4 v0x5b9e5014ae80_0, 0, 1;
    %pushi/vec4 0, 0, 1;
    %store/vec4 v0x5b9e5014af20_0, 0, 1;
    %pushi/vec4 2, 0, 8;
    %store/vec4 v0x5b9e5014ac00_0, 0, 8;
    %pushi/vec4 0, 0, 8;
    %store/vec4 v0x5b9e5014afc0_0, 0, 8;
    %pushi/vec4 0, 0, 8;
    %store/vec4 v0x5b9e5014b0b0_0, 0, 8;
    %pushi/vec4 0, 0, 1;
    %store/vec4 v0x5b9e5014b1c0_0, 0, 1;
    %pushi/vec4 0, 0, 8;
    %store/vec4 v0x5b9e5014a8d0_0, 0, 8;
    %pushi/vec4 0, 0, 8;
    %store/vec4 v0x5b9e5014a9b0_0, 0, 8;
    %pushi/vec4 0, 0, 1;
    %store/vec4 v0x5b9e5014aa70_0, 0, 1;
    %delay 10000, 0;
    %pushi/vec4 1, 0, 1;
    %store/vec4 v0x5b9e5014ae80_0, 0, 1;
    %wait E_0x5b9e500f6790;
    %pushi/vec4 1, 0, 1;
    %assign/vec4 v0x5b9e5014b1c0_0, 0;
    %pushi/vec4 0, 0, 8;
    %assign/vec4 v0x5b9e5014afc0_0, 0;
    %pushi/vec4 1, 0, 8;
    %assign/vec4 v0x5b9e5014b0b0_0, 0;
    %wait E_0x5b9e500f6790;
    %pushi/vec4 1, 0, 8;
    %assign/vec4 v0x5b9e5014afc0_0, 0;
    %pushi/vec4 2, 0, 8;
    %assign/vec4 v0x5b9e5014b0b0_0, 0;
    %wait E_0x5b9e500f6790;
    %pushi/vec4 0, 0, 1;
    %assign/vec4 v0x5b9e5014b1c0_0, 0;
    %wait E_0x5b9e500f6790;
    %pushi/vec4 1, 0, 1;
    %assign/vec4 v0x5b9e5014aa70_0, 0;
    %pushi/vec4 0, 0, 8;
    %assign/vec4 v0x5b9e5014a8d0_0, 0;
    %pushi/vec4 5, 0, 8;
    %assign/vec4 v0x5b9e5014a9b0_0, 0;
    %wait E_0x5b9e500f6790;
    %pushi/vec4 1, 0, 8;
    %assign/vec4 v0x5b9e5014a8d0_0, 0;
    %pushi/vec4 6, 0, 8;
    %assign/vec4 v0x5b9e5014a9b0_0, 0;
    %wait E_0x5b9e500f6790;
    %pushi/vec4 0, 0, 1;
    %assign/vec4 v0x5b9e5014aa70_0, 0;
    %wait E_0x5b9e500f6790;
    %pushi/vec4 1, 0, 1;
    %assign/vec4 v0x5b9e5014af20_0, 0;
    %wait E_0x5b9e500f6790;
    %pushi/vec4 0, 0, 1;
    %assign/vec4 v0x5b9e5014af20_0, 0;
T_9.0 ;
    %load/vec4 v0x5b9e5014ad40_0;
    %cmpi/ne 1, 0, 1;
    %jmp/0xz T_9.1, 6;
    %wait E_0x5b9e500f6a40;
    %jmp T_9.0;
T_9.1 ;
    %pushi/vec4 2, 0, 32;
T_9.2 %dup/vec4;
    %pushi/vec4 0, 0, 32;
    %cmp/s;
    %jmp/1xz T_9.3, 5;
    %jmp/1 T_9.3, 4;
    %pushi/vec4 1, 0, 32;
    %sub;
    %wait E_0x5b9e500f6790;
    %jmp T_9.2;
T_9.3 ;
    %pop/vec4 1;
    %load/vec4 v0x5b9e5014ade0_0;
    %cmpi/e 17, 0, 16;
    %jmp/0xz  T_9.4, 6;
    %vpi_call/w 3 84 "$display", "PASS: done=%0d result=%0d", v0x5b9e5014ad40_0, v0x5b9e5014ade0_0 {0 0 0};
    %jmp T_9.5;
T_9.4 ;
    %vpi_call/w 3 86 "$display", "FAIL: done=%0d result=%0d", v0x5b9e5014ad40_0, v0x5b9e5014ade0_0 {0 0 0};
T_9.5 ;
    %vpi_call/w 3 88 "$finish" {0 0 0};
    %end;
    .thread T_9;
# The file index is used to find the file name in the following table.
:file_names 8;
    "N/A";
    "<interactive>";
    "-";
    "tb_top_accelerator.v";
    "top_accelerator.v";
    "cache_buffer.v";
    "dma_ctrl.v";
    "mac_unit.v";
