#! /usr/bin/vvp
:ivl_version "12.0 (stable)";
:ivl_delay_selection "TYPICAL";
:vpi_time_precision - 12;
:vpi_module "/usr/lib/x86_64-linux-gnu/ivl/system.vpi";
:vpi_module "/usr/lib/x86_64-linux-gnu/ivl/vhdl_sys.vpi";
:vpi_module "/usr/lib/x86_64-linux-gnu/ivl/vhdl_textio.vpi";
:vpi_module "/usr/lib/x86_64-linux-gnu/ivl/v2005_math.vpi";
:vpi_module "/usr/lib/x86_64-linux-gnu/ivl/va_math.vpi";
:vpi_module "/usr/lib/x86_64-linux-gnu/ivl/v2009.vpi";
S_0x5de2a07aed30 .scope package, "$unit" "$unit" 2 1;
 .timescale 0 0;
S_0x5de2a07aeec0 .scope module, "tb_conv_basic" "tb_conv_basic" 3 3;
 .timescale -9 -12;
v0x5de2a07c6ff0_0 .var "clk", 0 0;
v0x5de2a07c70b0_0 .net "done", 0 0, v0x5de2a07c6960_0;  1 drivers
v0x5de2a07c7180_0 .var "rst_n", 0 0;
v0x5de2a07c7280_0 .var "start", 0 0;
E_0x5de2a07a9c60 .event anyedge, v0x5de2a07c6960_0;
E_0x5de2a0770b20 .event posedge, v0x5de2a079b2a0_0;
S_0x5de2a0770490 .scope module, "fsm" "fsm_conv" 3 10, 4 1 0, S_0x5de2a07aeec0;
 .timescale 0 0;
    .port_info 0 /INPUT 1 "clk";
    .port_info 1 /INPUT 1 "rst_n";
    .port_info 2 /INPUT 1 "start";
    .port_info 3 /OUTPUT 1 "done";
    .port_info 4 /OUTPUT 1 "load_input";
    .port_info 5 /OUTPUT 1 "load_weight";
    .port_info 6 /OUTPUT 1 "compute";
    .port_info 7 /OUTPUT 1 "store_out";
P_0x5de2a0799400 .param/l "DONE" 1 4 16, C4<11>;
P_0x5de2a0799440 .param/l "IDLE" 1 4 13, C4<00>;
P_0x5de2a0799480 .param/l "LOAD" 1 4 14, C4<01>;
P_0x5de2a07994c0 .param/l "RUN" 1 4 15, C4<10>;
v0x5de2a079b2a0_0 .net "clk", 0 0, v0x5de2a07c6ff0_0;  1 drivers
v0x5de2a07c68a0_0 .var "compute", 0 0;
v0x5de2a07c6960_0 .var "done", 0 0;
v0x5de2a07c6a00_0 .var "load_input", 0 0;
v0x5de2a07c6ac0_0 .var "load_weight", 0 0;
v0x5de2a07c6bd0_0 .net "rst_n", 0 0, v0x5de2a07c7180_0;  1 drivers
v0x5de2a07c6c90_0 .net "start", 0 0, v0x5de2a07c7280_0;  1 drivers
v0x5de2a07c6d50_0 .var "state", 1 0;
v0x5de2a07c6e30_0 .var "store_out", 0 0;
E_0x5de2a0770d70/0 .event negedge, v0x5de2a07c6bd0_0;
E_0x5de2a0770d70/1 .event posedge, v0x5de2a079b2a0_0;
E_0x5de2a0770d70 .event/or E_0x5de2a0770d70/0, E_0x5de2a0770d70/1;
    .scope S_0x5de2a0770490;
T_0 ;
    %wait E_0x5de2a0770d70;
    %load/vec4 v0x5de2a07c6bd0_0;
    %nor/r;
    %flag_set/vec4 8;
    %jmp/0xz  T_0.0, 8;
    %pushi/vec4 0, 0, 2;
    %assign/vec4 v0x5de2a07c6d50_0, 0;
    %pushi/vec4 0, 0, 1;
    %assign/vec4 v0x5de2a07c6960_0, 0;
    %pushi/vec4 0, 0, 1;
    %assign/vec4 v0x5de2a07c6a00_0, 0;
    %pushi/vec4 0, 0, 1;
    %assign/vec4 v0x5de2a07c6ac0_0, 0;
    %pushi/vec4 0, 0, 1;
    %assign/vec4 v0x5de2a07c68a0_0, 0;
    %pushi/vec4 0, 0, 1;
    %assign/vec4 v0x5de2a07c6e30_0, 0;
    %jmp T_0.1;
T_0.0 ;
    %load/vec4 v0x5de2a07c6d50_0;
    %dup/vec4;
    %pushi/vec4 0, 0, 2;
    %cmp/u;
    %jmp/1 T_0.2, 6;
    %dup/vec4;
    %pushi/vec4 1, 0, 2;
    %cmp/u;
    %jmp/1 T_0.3, 6;
    %dup/vec4;
    %pushi/vec4 2, 0, 2;
    %cmp/u;
    %jmp/1 T_0.4, 6;
    %dup/vec4;
    %pushi/vec4 3, 0, 2;
    %cmp/u;
    %jmp/1 T_0.5, 6;
    %jmp T_0.6;
T_0.2 ;
    %pushi/vec4 0, 0, 1;
    %assign/vec4 v0x5de2a07c6960_0, 0;
    %pushi/vec4 0, 0, 1;
    %assign/vec4 v0x5de2a07c6a00_0, 0;
    %pushi/vec4 0, 0, 1;
    %assign/vec4 v0x5de2a07c6ac0_0, 0;
    %pushi/vec4 0, 0, 1;
    %assign/vec4 v0x5de2a07c68a0_0, 0;
    %pushi/vec4 0, 0, 1;
    %assign/vec4 v0x5de2a07c6e30_0, 0;
    %load/vec4 v0x5de2a07c6c90_0;
    %flag_set/vec4 8;
    %jmp/0xz  T_0.7, 8;
    %pushi/vec4 1, 0, 2;
    %assign/vec4 v0x5de2a07c6d50_0, 0;
T_0.7 ;
    %jmp T_0.6;
T_0.3 ;
    %pushi/vec4 1, 0, 1;
    %assign/vec4 v0x5de2a07c6a00_0, 0;
    %pushi/vec4 1, 0, 1;
    %assign/vec4 v0x5de2a07c6ac0_0, 0;
    %pushi/vec4 2, 0, 2;
    %assign/vec4 v0x5de2a07c6d50_0, 0;
    %jmp T_0.6;
T_0.4 ;
    %pushi/vec4 1, 0, 1;
    %assign/vec4 v0x5de2a07c68a0_0, 0;
    %pushi/vec4 3, 0, 2;
    %assign/vec4 v0x5de2a07c6d50_0, 0;
    %jmp T_0.6;
T_0.5 ;
    %pushi/vec4 1, 0, 1;
    %assign/vec4 v0x5de2a07c6e30_0, 0;
    %pushi/vec4 1, 0, 1;
    %assign/vec4 v0x5de2a07c6960_0, 0;
    %load/vec4 v0x5de2a07c6c90_0;
    %nor/r;
    %flag_set/vec4 8;
    %jmp/0xz  T_0.9, 8;
    %pushi/vec4 0, 0, 2;
    %assign/vec4 v0x5de2a07c6d50_0, 0;
T_0.9 ;
    %jmp T_0.6;
T_0.6 ;
    %pop/vec4 1;
T_0.1 ;
    %jmp T_0;
    .thread T_0;
    .scope S_0x5de2a07aeec0;
T_1 ;
    %delay 5000, 0;
    %load/vec4 v0x5de2a07c6ff0_0;
    %inv;
    %store/vec4 v0x5de2a07c6ff0_0, 0, 1;
    %jmp T_1;
    .thread T_1;
    .scope S_0x5de2a07aeec0;
T_2 ;
    %vpi_call/w 3 24 "$monitor", "t=%0t clk=%b rst_n=%b start=%b done=%b state=%0d", $time, v0x5de2a07c6ff0_0, v0x5de2a07c7180_0, v0x5de2a07c7280_0, v0x5de2a07c70b0_0, v0x5de2a07c6d50_0 {0 0 0};
    %end;
    .thread T_2;
    .scope S_0x5de2a07aeec0;
T_3 ;
    %pushi/vec4 0, 0, 1;
    %store/vec4 v0x5de2a07c6ff0_0, 0, 1;
    %pushi/vec4 0, 0, 1;
    %store/vec4 v0x5de2a07c7180_0, 0, 1;
    %pushi/vec4 0, 0, 1;
    %store/vec4 v0x5de2a07c7280_0, 0, 1;
    %delay 10000, 0;
    %pushi/vec4 1, 0, 1;
    %store/vec4 v0x5de2a07c7180_0, 0, 1;
    %wait E_0x5de2a0770b20;
    %pushi/vec4 1, 0, 1;
    %assign/vec4 v0x5de2a07c7280_0, 0;
    %wait E_0x5de2a0770b20;
    %pushi/vec4 0, 0, 1;
    %assign/vec4 v0x5de2a07c7280_0, 0;
T_3.0 ;
    %load/vec4 v0x5de2a07c70b0_0;
    %cmpi/ne 1, 0, 1;
    %jmp/0xz T_3.1, 6;
    %wait E_0x5de2a07a9c60;
    %jmp T_3.0;
T_3.1 ;
    %delay 5000, 0;
    %load/vec4 v0x5de2a07c70b0_0;
    %flag_set/vec4 8;
    %jmp/0xz  T_3.2, 8;
    %vpi_call/w 3 39 "$display", "PASS: FSM done asserted" {0 0 0};
    %jmp T_3.3;
T_3.2 ;
    %vpi_call/w 3 41 "$display", "FAIL: FSM not done" {0 0 0};
T_3.3 ;
    %vpi_call/w 3 42 "$finish" {0 0 0};
    %end;
    .thread T_3;
# The file index is used to find the file name in the following table.
:file_names 5;
    "N/A";
    "<interactive>";
    "-";
    "tb_conv_basic.v";
    "fsm_conv.v";
